Archive member included to satisfy reference by file (symbol)

c:/st/stm32cubeide_1.12.1/stm32cubeide/plugins/com.st.stm32cube.ide.mcu.externaltools.gnu-tools-for-stm32.10.3-2021.10.win32_1.0.200.202301161003/tools/bin/../lib/gcc/arm-none-eabi/10.3.1/../../../../arm-none-eabi/lib/thumb/v6-m/nofp\libc_nano.a(lib_a-errno.o)
                              ./src/bsp/syscalls.o (__errno)
c:/st/stm32cubeide_1.12.1/stm32cubeide/plugins/com.st.stm32cube.ide.mcu.externaltools.gnu-tools-for-stm32.10.3-2021.10.win32_1.0.200.202301161003/tools/bin/../lib/gcc/arm-none-eabi/10.3.1/../../../../arm-none-eabi/lib/thumb/v6-m/nofp\libc_nano.a(lib_a-exit.o)
                              c:/st/stm32cubeide_1.12.1/stm32cubeide/plugins/com.st.stm32cube.ide.mcu.externaltools.gnu-tools-for-stm32.10.3-2021.10.win32_1.0.200.202301161003/tools/bin/../lib/gcc/arm-none-eabi/10.3.1/../../../../arm-none-eabi/lib/thumb/v6-m/nofp/crt0.o (exit)
c:/st/stm32cubeide_1.12.1/stm32cubeide/plugins/com.st.stm32cube.ide.mcu.externaltools.gnu-tools-for-stm32.10.3-2021.10.win32_1.0.200.202301161003/tools/bin/../lib/gcc/arm-none-eabi/10.3.1/../../../../arm-none-eabi/lib/thumb/v6-m/nofp\libc_nano.a(lib_a-impure.o)
                              c:/st/stm32cubeide_1.12.1/stm32cubeide/plugins/com.st.stm32cube.ide.mcu.externaltools.gnu-tools-for-stm32.10.3-2021.10.win32_1.0.200.202301161003/tools/bin/../lib/gcc/arm-none-eabi/10.3.1/../../../../arm-none-eabi/lib/thumb/v6-m/nofp\libc_nano.a(lib_a-exit.o) (_global_impure_ptr)
c:/st/stm32cubeide_1.12.1/stm32cubeide/plugins/com.st.stm32cube.ide.mcu.externaltools.gnu-tools-for-stm32.10.3-2021.10.win32_1.0.200.202301161003/tools/bin/../lib/gcc/arm-none-eabi/10.3.1/../../../../arm-none-eabi/lib/thumb/v6-m/nofp\libc_nano.a(lib_a-init.o)
                              c:/st/stm32cubeide_1.12.1/stm32cubeide/plugins/com.st.stm32cube.ide.mcu.externaltools.gnu-tools-for-stm32.10.3-2021.10.win32_1.0.200.202301161003/tools/bin/../lib/gcc/arm-none-eabi/10.3.1/../../../../arm-none-eabi/lib/thumb/v6-m/nofp/crt0.o (__libc_init_array)
c:/st/stm32cubeide_1.12.1/stm32cubeide/plugins/com.st.stm32cube.ide.mcu.externaltools.gnu-tools-for-stm32.10.3-2021.10.win32_1.0.200.202301161003/tools/bin/../lib/gcc/arm-none-eabi/10.3.1/../../../../arm-none-eabi/lib/thumb/v6-m/nofp\libc_nano.a(lib_a-memset.o)
                              c:/st/stm32cubeide_1.12.1/stm32cubeide/plugins/com.st.stm32cube.ide.mcu.externaltools.gnu-tools-for-stm32.10.3-2021.10.win32_1.0.200.202301161003/tools/bin/../lib/gcc/arm-none-eabi/10.3.1/../../../../arm-none-eabi/lib/thumb/v6-m/nofp/crt0.o (memset)
c:/st/stm32cubeide_1.12.1/stm32cubeide/plugins/com.st.stm32cube.ide.mcu.externaltools.gnu-tools-for-stm32.10.3-2021.10.win32_1.0.200.202301161003/tools/bin/../lib/gcc/arm-none-eabi/10.3.1/../../../../arm-none-eabi/lib/thumb/v6-m/nofp\libc_nano.a(lib_a-puts.o)
                              ./src/ap/ap.o (puts)
c:/st/stm32cubeide_1.12.1/stm32cubeide/plugins/com.st.stm32cube.ide.mcu.externaltools.gnu-tools-for-stm32.10.3-2021.10.win32_1.0.200.202301161003/tools/bin/../lib/gcc/arm-none-eabi/10.3.1/../../../../arm-none-eabi/lib/thumb/v6-m/nofp\libc_nano.a(lib_a-vsnprintf.o)
                              ./src/hw/driver/uart.o (vsnprintf)
c:/st/stm32cubeide_1.12.1/stm32cubeide/plugins/com.st.stm32cube.ide.mcu.externaltools.gnu-tools-for-stm32.10.3-2021.10.win32_1.0.200.202301161003/tools/bin/../lib/gcc/arm-none-eabi/10.3.1/../../../../arm-none-eabi/lib/thumb/v6-m/nofp\libc_nano.a(lib_a-wbuf.o)
                              c:/st/stm32cubeide_1.12.1/stm32cubeide/plugins/com.st.stm32cube.ide.mcu.externaltools.gnu-tools-for-stm32.10.3-2021.10.win32_1.0.200.202301161003/tools/bin/../lib/gcc/arm-none-eabi/10.3.1/../../../../arm-none-eabi/lib/thumb/v6-m/nofp\libc_nano.a(lib_a-puts.o) (__swbuf_r)
c:/st/stm32cubeide_1.12.1/stm32cubeide/plugins/com.st.stm32cube.ide.mcu.externaltools.gnu-tools-for-stm32.10.3-2021.10.win32_1.0.200.202301161003/tools/bin/../lib/gcc/arm-none-eabi/10.3.1/../../../../arm-none-eabi/lib/thumb/v6-m/nofp\libc_nano.a(lib_a-wsetup.o)
                              c:/st/stm32cubeide_1.12.1/stm32cubeide/plugins/com.st.stm32cube.ide.mcu.externaltools.gnu-tools-for-stm32.10.3-2021.10.win32_1.0.200.202301161003/tools/bin/../lib/gcc/arm-none-eabi/10.3.1/../../../../arm-none-eabi/lib/thumb/v6-m/nofp\libc_nano.a(lib_a-puts.o) (__swsetup_r)
c:/st/stm32cubeide_1.12.1/stm32cubeide/plugins/com.st.stm32cube.ide.mcu.externaltools.gnu-tools-for-stm32.10.3-2021.10.win32_1.0.200.202301161003/tools/bin/../lib/gcc/arm-none-eabi/10.3.1/../../../../arm-none-eabi/lib/thumb/v6-m/nofp\libc_nano.a(lib_a-fflush.o)
                              c:/st/stm32cubeide_1.12.1/stm32cubeide/plugins/com.st.stm32cube.ide.mcu.externaltools.gnu-tools-for-stm32.10.3-2021.10.win32_1.0.200.202301161003/tools/bin/../lib/gcc/arm-none-eabi/10.3.1/../../../../arm-none-eabi/lib/thumb/v6-m/nofp\libc_nano.a(lib_a-wbuf.o) (_fflush_r)
[...]
Memory Configuration

Name             Origin             Length             Attributes
RAM              0x0000000020000000 0x0000000000002000 xrw
FLASH            0x0000000008000000 0x0000000000008000 xr
*default*        0x0000000000000000 0xffffffffffffffff

Linker script and memory map

LOAD c:/st/stm32cubeide_1.12.1/stm32cubeide/plugins/com.st.stm32cube.ide.mcu.externaltools.gnu-tools-for-stm32.10.3-2021.10.win32_1.0.200.202301161003/tools/bin/../lib/gcc/arm-none-eabi/10.3.1/thumb/v6-m/nofp/crti.o
LOAD c:/st/stm32cubeide_1.12.1/stm32cubeide/plugins/com.st.stm32cube.ide.mcu.externaltools.gnu-tools-for-stm32.10.3-2021.10.win32_1.0.200.202301161003/tools/bin/../lib/gcc/arm-none-eabi/10.3.1/thumb/v6-m/nofp/crtbegin.o
LOAD c:/st/stm32cubeide_1.12.1/stm32cubeide/plugins/com.st.stm32cube.ide.mcu.externaltools.gnu-tools-for-stm32.10.3-2021.10.win32_1.0.200.202301161003/tools/bin/../lib/gcc/arm-none-eabi/10.3.1/../../../../arm-none-eabi/lib/thumb/v6-m/nofp/crt0.o
LOAD ./src/ap/ap.o
LOAD ./src/bsp/bsp.o
LOAD ./src/bsp/stm32f0xx_hal_msp.o
LOAD ./src/bsp/stm32f0xx_it.o
LOAD ./src/bsp/syscalls.o
LOAD ./src/bsp/sysmem.o
LOAD ./src/bsp/system_stm32f0xx.o
LOAD ./src/bsp/startup/startup_stm32f051k6ux.o
LOAD ./src/common/core/qbuffer.o
LOAD ./src/hw/driver/button.o
LOAD ./src/hw/driver/flash.o
LOAD ./src/hw/driver/led.o
LOAD ./src/hw/driver/uart.o
LOAD ./src/hw/driver/modbusSlave/modbusSlave.o
LOAD ./src/hw/driver/modbusSlave/modbus_crc.o
LOAD ./src/hw/hw.o
LOAD ./src/lib/cube_f051/Drivers/STM32F0xx_HAL_Driver/Src/stm32f0xx_hal.o
LOAD ./src/lib/cube_f051/Drivers/STM32F0xx_HAL_Driver/Src/stm32f0xx_hal_cortex.o
LOAD ./src/lib/cube_f051/Drivers/STM32F0xx_HAL_Driver/Src/stm32f0xx_hal_dma.o
LOAD ./src/lib/cube_f051/Drivers/STM32F0xx_HAL_Driver/Src/stm32f0xx_hal_exti.o
LOAD ./src/lib/cube_f051/Drivers/STM32F0xx_HAL_Driver/Src/stm32f0xx_hal_flash.o
LOAD ./src/lib/cube_f051/Drivers/STM32F0xx_HAL_Driver/Src/stm32f0xx_hal_flash_ex.o
LOAD ./src/lib/cube_f051/Drivers/STM32F0xx_HAL_Driver/Src/stm32f0xx_hal_gpio.o
LOAD ./src/lib/cube_f051/Drivers/STM32F0xx_HAL_Driver/Src/stm32f0xx_hal_i2c.o
LOAD ./src/lib/cube_f051/Drivers/STM32F0xx_HAL_Driver/Src/stm32f0xx_hal_i2c_ex.o
LOAD ./src/lib/cube_f051/Drivers/STM32F0xx_HAL_Driver/Src/stm32f0xx_hal_pwr.o
LOAD ./src/lib/cube_f051/Drivers/STM32F0xx_HAL_Driver/Src/stm32f0xx_hal_pwr_ex.o
LOAD ./src/lib/cube_f051/Drivers/STM32F0xx_HAL_Driver/Src/stm32f0xx_hal_rcc.o
LOAD ./src/lib/cube_f051/Drivers/STM32F0xx_HAL_Driver/Src/stm32f0xx_hal_rcc_ex.o
LOAD ./src/lib/cube_f051/Drivers/STM32F0xx_HAL_Driver/Src/stm32f0xx_hal_tim.o
LOAD ./src/lib/cube_f051/Drivers/STM32F0xx_HAL_Driver/Src/stm32f0xx_hal_tim_ex.o
LOAD ./src/lib/cube_f051/Drivers/STM32F0xx_HAL_Driver/Src/stm32f0xx_hal_uart.o
LOAD ./src/lib/cube_f051/Drivers/STM32F0xx_HAL_Driver/Src/stm32f0xx_hal_uart_ex.o
LOAD ./src/main.o
START GROUP
LOAD c:/st/stm32cubeide_1.12.1/stm32cubeide/plugins/com.st.stm32cube.ide.mcu.externaltools.gnu-tools-for-stm32.10.3-2021.10.win32_1.0.200.202301161003/tools/bin/../lib/gcc/arm-none-eabi/10.3.1/../../../../arm-none-eabi/lib/thumb/v6-m/nofp\libc_nano.a
LOAD c:/st/stm32cubeide_1.12.1/stm32cubeide/plugins/com.st.stm32cube.ide.mcu.externaltools.gnu-tools-for-stm32.10.3-2021.10.win32_1.0.200.202301161003/tools/bin/../lib/gcc/arm-none-eabi/10.3.1/../../../../arm-none-eabi/lib/thumb/v6-m/nofp\libm.a
END GROUP
START GROUP
LOAD c:/st/stm32cubeide_1.12.1/stm32cubeide/plugins/com.st.stm32cube.ide.mcu.externaltools.gnu-tools-for-stm32.10.3-2021.10.win32_1.0.200.202301161003/tools/bin/../lib/gcc/arm-none-eabi/10.3.1/thumb/v6-m/nofp\libgcc.a
LOAD c:/st/stm32cubeide_1.12.1/stm32cubeide/plugins/com.st.stm32cube.ide.mcu.externaltools.gnu-tools-for-stm32.10.3-2021.10.win32_1.0.200.202301161003/tools/bin/../lib/gcc/arm-none-eabi/10.3.1/../../../../arm-none-eabi/lib/thumb/v6-m/nofp\libc_nano.a
END GROUP
START GROUP
LOAD c:/st/stm32cubeide_1.12.1/stm32cubeide/plugins/com.st.stm32cube.ide.mcu.externaltools.gnu-tools-for-stm32.10.3-2021.10.win32_1.0.200.202301161003/tools/bin/../lib/gcc/arm-none-eabi/10.3.1/thumb/v6-m/nofp\libgcc.a
LOAD c:/st/stm32cubeide_1.12.1/stm32cubeide/plugins/com.st.stm32cube.ide.mcu.externaltools.gnu-tools-for-stm32.10.3-2021.10.win32_1.0.200.202301161003/tools/bin/../lib/gcc/arm-none-eabi/10.3.1/../../../../arm-none-eabi/lib/thumb/v6-m/nofp\libc_nano.a
LOAD c:/st/stm32cubeide_1.12.1/stm32cubeide/plugins/com.st.stm32cube.ide.mcu.externaltools.gnu-tools-for-stm32.10.3-2021.10.win32_1.0.200.202301161003/tools/bin/../lib/gcc/arm-none-eabi/10.3.1/../../../../arm-none-eabi/lib/thumb/v6-m/nofp\libnosys.a
END GROUP
START GROUP
LOAD c:/st/stm32cubeide_1.12.1/stm32cubeide/plugins/com.st.stm32cube.ide.mcu.externaltools.gnu-tools-for-stm32.10.3-2021.10.win32_1.0.200.202301161003/tools/bin/../lib/gcc/arm-none-eabi/10.3.1/thumb/v6-m/nofp\libgcc.a
LOAD c:/st/stm32cubeide_1.12.1/stm32cubeide/plugins/com.st.stm32cube.ide.mcu.externaltools.gnu-tools-for-stm32.10.3-2021.10.win32_1.0.200.202301161003/tools/bin/../lib/gcc/arm-none-eabi/10.3.1/../../../../arm-none-eabi/lib/thumb/v6-m/nofp\libc_nano.a
LOAD c:/st/stm32cubeide_1.12.1/stm32cubeide/plugins/com.st.stm32cube.ide.mcu.externaltools.gnu-tools-for-stm32.10.3-2021.10.win32_1.0.200.202301161003/tools/bin/../lib/gcc/arm-none-eabi/10.3.1/../../../../arm-none-eabi/lib/thumb/v6-m/nofp\libnosys.a
END GROUP
LOAD c:/st/stm32cubeide_1.12.1/stm32cubeide/plugins/com.st.stm32cube.ide.mcu.externaltools.gnu-tools-for-stm32.10.3-2021.10.win32_1.0.200.202301161003/tools/bin/../lib/gcc/arm-none-eabi/10.3.1/thumb/v6-m/nofp/crtend.o
LOAD c:/st/stm32cubeide_1.12.1/stm32cubeide/plugins/com.st.stm32cube.ide.mcu.externaltools.gnu-tools-for-stm32.10.3-2021.10.win32_1.0.200.202301161003/tools/bin/../lib/gcc/arm-none-eabi/10.3.1/thumb/v6-m/nofp/crtn.o
                0x0000000020002000                _estack = (ORIGIN (RAM) + LENGTH (RAM))
                0x0000000000000200                _Min_Heap_Size = 0x200
                0x0000000000000400                _Min_Stack_Size = 0x400

.isr_vector     0x0000000008000000       0xc0
                0x0000000008000000                . = ALIGN (0x4)
 *(.isr_vector)
 .isr_vector    0x0000000008000000       0xc0 ./src/bsp/startup/startup_stm32f051k6ux.o
                0x0000000008000000                g_pfnVectors
                0x00000000080000c0                . = ALIGN (0x4)

.text           0x00000000080000c0     0x54d4
                0x00000000080000c0                . = ALIGN (0x4)
 *(.text)
 .text          0x00000000080000c0       0x48 c:/st/stm32cubeide_1.12.1/stm32cubeide/plugins/com.st.stm32cube.ide.mcu.externaltools.gnu-tools-for-stm32.10.3-2021.10.win32_1.0.200.202301161003/tools/bin/../lib/gcc/arm-none-eabi/10.3.1/thumb/v6-m/nofp/crtbegin.o
 .text          0x0000000008000108       0x14 c:/st/stm32cubeide_1.12.1/stm32cubeide/plugins/com.st.stm32cube.ide.mcu.externaltools.gnu-tools-for-stm32.10.3-2021.10.win32_1.0.200.202301161003/tools/bin/../lib/gcc/arm-none-eabi/10.3.1/thumb/v6-m/nofp\libgcc.a(_thumb1_case_shi.o)
                0x0000000008000108                __gnu_thumb1_case_shi
 .text          0x000000000800011c      0x114 c:/st/stm32cubeide_1.12.1/stm32cubeide/plugins/com.st.stm32cube.ide.mcu.externaltools.gnu-tools-for-stm32.10.3-2021.10.win32_1.0.200.202301161003/tools/bin/../lib/gcc/arm-none-eabi/10.3.1/thumb/v6-m/nofp\libgcc.a(_udivsi3.o)
                0x000000000800011c                __aeabi_uidiv
                0x000000000800011c                __udivsi3
                0x0000000008000228                __aeabi_uidivmod
 .text          0x0000000008000230        0x4 c:/st/stm32cubeide_1.12.1/stm32cubeide/plugins/com.st.stm32cube.ide.mcu.externaltools.gnu-tools-for-stm32.10.3-2021.10.win32_1.0.200.202301161003/tools/bin/../lib/gcc/arm-none-eabi/10.3.1/thumb/v6-m/nofp\libgcc.a(_dvmd_tls.o)
                0x0000000008000230                __aeabi_idiv0
                0x0000000008000230                __aeabi_ldiv0
 *(.text*)
 .text.apInit   0x0000000008000234       0x24 ./src/ap/ap.o
                0x0000000008000234                apInit
 .text.apMain   0x0000000008000258       0x60 ./src/ap/ap.o
                0x0000000008000258                apMain
 .text.Read_Reed_state
                0x00000000080002b8       0x64 ./src/ap/ap.o
                0x00000000080002b8                Read_Reed_state
 .text.InitStateHandler
                0x000000000800031c       0x28 ./src/ap/ap.o
                0x000000000800031c                InitStateHandler
 .text.ModeStateHandler
                0x0000000008000344       0x64 ./src/ap/ap.o
                0x0000000008000344                ModeStateHandler
 .text.ModbusDataStateHandler
                0x00000000080003a8       0xb4 ./src/ap/ap.o
                0x00000000080003a8                ModbusDataStateHandler
 .text.bspInit  0x000000000800045c       0x54 ./src/bsp/bsp.o
                0x000000000800045c                bspInit
 .text.millis   0x00000000080004b0       0x10 ./src/bsp/bsp.o
                0x00000000080004b0                millis
 .text.SystemClock_Config
                0x00000000080004c0       0xc2 ./src/bsp/bsp.o
                0x00000000080004c0                SystemClock_Config
 .text.Error_Handler
                0x0000000008000582        0xa ./src/bsp/bsp.o
                0x0000000008000582                Error_Handler
 .text.HAL_MspInit
                0x000000000800058c       0x48 ./src/bsp/stm32f0xx_hal_msp.o
                0x000000000800058c                HAL_MspInit
 .text.NMI_Handler
                0x00000000080005d4        0x6 ./src/bsp/stm32f0xx_it.o
                0x00000000080005d4                NMI_Handler
 .text.HardFault_Handler
                0x00000000080005da        0x6 ./src/bsp/stm32f0xx_it.o
                0x00000000080005da                HardFault_Handler
 .text.SVC_Handler
                0x00000000080005e0        0xa ./src/bsp/stm32f0xx_it.o
                0x00000000080005e0                SVC_Handler
 .text.PendSV_Handler
                0x00000000080005ea        0xa ./src/bsp/stm32f0xx_it.o
                0x00000000080005ea                PendSV_Handler
 .text.SysTick_Handler
                0x00000000080005f4        0xe ./src/bsp/stm32f0xx_it.o
                0x00000000080005f4                SysTick_Handler
 *fill*         0x0000000008000602        0x2 
 .text.USART1_IRQHandler
                0x0000000008000604       0x18 ./src/bsp/stm32f0xx_it.o
                0x0000000008000604                USART1_IRQHandler
 .text.USART2_IRQHandler
                0x000000000800061c       0x18 ./src/bsp/stm32f0xx_it.o
                0x000000000800061c                USART2_IRQHandler
 .text._read    0x0000000008000634       0x3a ./src/bsp/syscalls.o
                0x0000000008000634                _read
 .text._write   0x000000000800066e       0x38 ./src/bsp/syscalls.o
                0x000000000800066e                _write
 .text._close   0x00000000080006a6       0x14 ./src/bsp/syscalls.o
                0x00000000080006a6                _close
 .text._fstat   0x00000000080006ba       0x1c ./src/bsp/syscalls.o
                0x00000000080006ba                _fstat
 .text._isatty  0x00000000080006d6       0x12 ./src/bsp/syscalls.o
                0x00000000080006d6                _isatty
 .text._lseek   0x00000000080006e8       0x16 ./src/bsp/syscalls.o
                0x00000000080006e8                _lseek
 *fill*         0x00000000080006fe        0x2 
 .text._sbrk    0x0000000008000700       0x6c ./src/bsp/sysmem.o
                0x0000000008000700                _sbrk
 .text.SystemInit
                0x000000000800076c        0xa ./src/bsp/system_stm32f0xx.o
                0x000000000800076c                SystemInit
 *fill*         0x0000000008000776        0x2 
 .text.Reset_Handler
                0x0000000008000778       0x50 ./src/bsp/startup/startup_stm32f051k6ux.o
                0x0000000008000778                Reset_Handler
 .text.Default_Handler
                0x00000000080007c8        0x2 ./src/bsp/startup/startup_stm32f051k6ux.o
                0x00000000080007c8                DMA1_CH4_5_6_7_DMA2_CH3_4_5_IRQHandler
                0x00000000080007c8                TIM1_CC_IRQHandler
                0x00000000080007c8                TSC_IRQHandler
                0x00000000080007c8                PVD_IRQHandler
                0x00000000080007c8                I2C1_IRQHandler
                0x00000000080007c8                RCC_CRS_IRQHandler
                0x00000000080007c8                SPI1_IRQHandler
                0x00000000080007c8                TIM6_DAC_IRQHandler
                0x00000000080007c8                EXTI2_3_IRQHandler
                0x00000000080007c8                I2C2_IRQHandler
                0x00000000080007c8                TIM17_IRQHandler
                0x00000000080007c8                CEC_CAN_IRQHandler
                0x00000000080007c8                RTC_IRQHandler
                0x00000000080007c8                TIM16_IRQHandler
                0x00000000080007c8                TIM3_IRQHandler
                0x00000000080007c8                EXTI4_15_IRQHandler
                0x00000000080007c8                Default_Handler
                0x00000000080007c8                DMA1_CH2_3_DMA2_CH1_2_IRQHandler
                0x00000000080007c8                TIM14_IRQHandler
                0x00000000080007c8                TIM7_IRQHandler
                0x00000000080007c8                TIM15_IRQHandler
                0x00000000080007c8                EXTI0_1_IRQHandler
                0x00000000080007c8                USB_IRQHandler
                0x00000000080007c8                SPI2_IRQHandler
                0x00000000080007c8                DMA1_CH1_IRQHandler
                0x00000000080007c8                WWDG_IRQHandler
                0x00000000080007c8                TIM2_IRQHandler
                0x00000000080007c8                ADC_COMP_IRQHandler
                0x00000000080007c8                USART3_4_5_6_7_8_IRQHandler
                0x00000000080007c8                FLASH_IRQHandler
                0x00000000080007c8                TIM1_BRK_UP_TRG_COM_IRQHandler
 .text.qbufferCreate
                0x00000000080007ca       0x38 ./src/common/core/qbuffer.o
                0x00000000080007ca                qbufferCreate
 .text.qbufferRead
                0x0000000008000802       0xa4 ./src/common/core/qbuffer.o
                0x0000000008000802                qbufferRead
 .text.qbufferAvailable
                0x00000000080008a6       0x2c ./src/common/core/qbuffer.o
                0x00000000080008a6                qbufferAvailable
 *fill*         0x00000000080008d2        0x2 
 .text.buttonInit
                0x00000000080008d4       0x70 ./src/hw/driver/button.o
                0x00000000080008d4                buttonInit
 .text.buttonStateCheck
                0x0000000008000944       0x34 ./src/hw/driver/button.o
                0x0000000008000944                buttonStateCheck
 .text.flashInit
                0x0000000008000978       0x4c ./src/hw/driver/flash.o
                0x0000000008000978                flashInit
 .text.ledInit  0x00000000080009c4       0xc0 ./src/hw/driver/led.o
                0x00000000080009c4                ledInit
 .text.ledOff   0x0000000008000a84       0x50 ./src/hw/driver/led.o
                0x0000000008000a84                ledOff
 .text.ledToggle
                0x0000000008000ad4       0x40 ./src/hw/driver/led.o
                0x0000000008000ad4                ledToggle
 .text.uartInit
                0x0000000008000b14       0x30 ./src/hw/driver/uart.o
                0x0000000008000b14                uartInit
 .text.uartOpen
                0x0000000008000b44      0x2ec ./src/hw/driver/uart.o
                0x0000000008000b44                uartOpen
 .text.uartAvailable
                0x0000000008000e30       0x88 ./src/hw/driver/uart.o
                0x0000000008000e30                uartAvailable
 .text.uartRead
                0x0000000008000eb8       0x5c ./src/hw/driver/uart.o
                0x0000000008000eb8                uartRead
 .text.uartWrite
                0x0000000008000f14       0x84 ./src/hw/driver/uart.o
                0x0000000008000f14                uartWrite
 .text.uartPrintf
                0x0000000008000f98       0x78 ./src/hw/driver/uart.o
                0x0000000008000f98                uartPrintf
 .text.HAL_UART_ErrorCallback
                0x0000000008001010       0x10 ./src/hw/driver/uart.o
                0x0000000008001010                HAL_UART_ErrorCallback
 .text.HAL_UARTEx_RxEventCallback
                0x0000000008001020      0x174 ./src/hw/driver/uart.o
                0x0000000008001020                HAL_UARTEx_RxEventCallback
 .text.HAL_UART_RxCpltCallback
                0x0000000008001194       0x10 ./src/hw/driver/uart.o
                0x0000000008001194                HAL_UART_RxCpltCallback
 .text.HAL_UART_MspInit
                0x00000000080011a4      0x1d8 ./src/hw/driver/uart.o
                0x00000000080011a4                HAL_UART_MspInit
 .text.HAL_UART_MspDeInit
                0x000000000800137c       0x90 ./src/hw/driver/uart.o
                0x000000000800137c                HAL_UART_MspDeInit
 .text.ModbusInit
                0x000000000800140c       0x18 ./src/hw/driver/modbusSlave/modbusSlave.o
                0x000000000800140c                ModbusInit
 .text.sendData
                0x0000000008001424       0x5a ./src/hw/driver/modbusSlave/modbusSlave.o
                0x0000000008001424                sendData
 *fill*         0x000000000800147e        0x2 
 .text.checkData
                0x0000000008001480       0xac ./src/hw/driver/modbusSlave/modbusSlave.o
                0x0000000008001480                checkData
 .text.modbusException
                0x000000000800152c       0x48 ./src/hw/driver/modbusSlave/modbusSlave.o
                0x000000000800152c                modbusException
 .text.readHoldingRegs
                0x0000000008001574      0x138 ./src/hw/driver/modbusSlave/modbusSlave.o
                0x0000000008001574                readHoldingRegs
 .text.readInputRegs
                0x00000000080016ac      0x138 ./src/hw/driver/modbusSlave/modbusSlave.o
                0x00000000080016ac                readInputRegs
 .text.writeSingleReg
                0x00000000080017e4       0xe4 ./src/hw/driver/modbusSlave/modbusSlave.o
                0x00000000080017e4                writeSingleReg
 .text.crc16    0x00000000080018c8       0x8c ./src/hw/driver/modbusSlave/modbus_crc.o
                0x00000000080018c8                crc16
 .text.hwInit   0x0000000008001954       0x22 ./src/hw/hw.o
                0x0000000008001954                hwInit
 *fill*         0x0000000008001976        0x2 
 .text.HAL_Init
                0x0000000008001978       0x28 ./src/lib/cube_f051/Drivers/STM32F0xx_HAL_Driver/Src/stm32f0xx_hal.o
                0x0000000008001978                HAL_Init
 .text.HAL_InitTick
                0x00000000080019a0       0x68 ./src/lib/cube_f051/Drivers/STM32F0xx_HAL_Driver/Src/stm32f0xx_hal.o
                0x00000000080019a0                HAL_InitTick
 .text.HAL_IncTick
                0x0000000008001a08       0x24 ./src/lib/cube_f051/Drivers/STM32F0xx_HAL_Driver/Src/stm32f0xx_hal.o
                0x0000000008001a08                HAL_IncTick
 .text.HAL_GetTick
                0x0000000008001a2c       0x14 ./src/lib/cube_f051/Drivers/STM32F0xx_HAL_Driver/Src/stm32f0xx_hal.o
                0x0000000008001a2c                HAL_GetTick
 .text.__NVIC_EnableIRQ
                0x0000000008001a40       0x34 ./src/lib/cube_f051/Drivers/STM32F0xx_HAL_Driver/Src/stm32f0xx_hal_cortex.o
 .text.__NVIC_DisableIRQ
                0x0000000008001a74       0x44 ./src/lib/cube_f051/Drivers/STM32F0xx_HAL_Driver/Src/stm32f0xx_hal_cortex.o
 .text.__NVIC_SetPriority
                0x0000000008001ab8       0xdc ./src/lib/cube_f051/Drivers/STM32F0xx_HAL_Driver/Src/stm32f0xx_hal_cortex.o
 .text.SysTick_Config
                0x0000000008001b94       0x48 ./src/lib/cube_f051/Drivers/STM32F0xx_HAL_Driver/Src/stm32f0xx_hal_cortex.o
 .text.HAL_NVIC_SetPriority
                0x0000000008001bdc       0x2a ./src/lib/cube_f051/Drivers/STM32F0xx_HAL_Driver/Src/stm32f0xx_hal_cortex.o
                0x0000000008001bdc                HAL_NVIC_SetPriority
 .text.HAL_NVIC_EnableIRQ
                0x0000000008001c06       0x20 ./src/lib/cube_f051/Drivers/STM32F0xx_HAL_Driver/Src/stm32f0xx_hal_cortex.o
                0x0000000008001c06                HAL_NVIC_EnableIRQ
 .text.HAL_NVIC_DisableIRQ
                0x0000000008001c26       0x20 ./src/lib/cube_f051/Drivers/STM32F0xx_HAL_Driver/Src/stm32f0xx_hal_cortex.o
                0x0000000008001c26                HAL_NVIC_DisableIRQ
 .text.HAL_SYSTICK_Config
                0x0000000008001c46       0x1a ./src/lib/cube_f051/Drivers/STM32F0xx_HAL_Driver/Src/stm32f0xx_hal_cortex.o
                0x0000000008001c46                HAL_SYSTICK_Config
 .text.HAL_DMA_Init
                0x0000000008001c60       0x90 ./src/lib/cube_f051/Drivers/STM32F0xx_HAL_Driver/Src/stm32f0xx_hal_dma.o
                0x0000000008001c60                HAL_DMA_Init
 .text.HAL_DMA_DeInit
                0x0000000008001cf0       0x92 ./src/lib/cube_f051/Drivers/STM32F0xx_HAL_Driver/Src/stm32f0xx_hal_dma.o
                0x0000000008001cf0                HAL_DMA_DeInit
 .text.HAL_DMA_Start_IT
                0x0000000008001d82       0xcc ./src/lib/cube_f051/Drivers/STM32F0xx_HAL_Driver/Src/stm32f0xx_hal_dma.o
                0x0000000008001d82                HAL_DMA_Start_IT
 .text.HAL_DMA_Abort
                0x0000000008001e4e       0x70 ./src/lib/cube_f051/Drivers/STM32F0xx_HAL_Driver/Src/stm32f0xx_hal_dma.o
                0x0000000008001e4e                HAL_DMA_Abort
 .text.HAL_DMA_Abort_IT
                0x0000000008001ebe       0x8a ./src/lib/cube_f051/Drivers/STM32F0xx_HAL_Driver/Src/stm32f0xx_hal_dma.o
                0x0000000008001ebe                HAL_DMA_Abort_IT
 .text.DMA_SetConfig
                0x0000000008001f48       0x58 ./src/lib/cube_f051/Drivers/STM32F0xx_HAL_Driver/Src/stm32f0xx_hal_dma.o
 .text.DMA_CalcBaseAndBitshift
                0x0000000008001fa0       0x38 ./src/lib/cube_f051/Drivers/STM32F0xx_HAL_Driver/Src/stm32f0xx_hal_dma.o
 .text.HAL_GPIO_Init
                0x0000000008001fd8      0x2e0 ./src/lib/cube_f051/Drivers/STM32F0xx_HAL_Driver/Src/stm32f0xx_hal_gpio.o
                0x0000000008001fd8                HAL_GPIO_Init
 .text.HAL_GPIO_DeInit
                0x00000000080022b8      0x1a0 ./src/lib/cube_f051/Drivers/STM32F0xx_HAL_Driver/Src/stm32f0xx_hal_gpio.o
                0x00000000080022b8                HAL_GPIO_DeInit
 .text.HAL_GPIO_ReadPin
                0x0000000008002458       0x3a ./src/lib/cube_f051/Drivers/STM32F0xx_HAL_Driver/Src/stm32f0xx_hal_gpio.o
                0x0000000008002458                HAL_GPIO_ReadPin
 .text.HAL_GPIO_WritePin
                0x0000000008002492       0x3a ./src/lib/cube_f051/Drivers/STM32F0xx_HAL_Driver/Src/stm32f0xx_hal_gpio.o
                0x0000000008002492                HAL_GPIO_WritePin
 .text.HAL_GPIO_TogglePin
                0x00000000080024cc       0x36 ./src/lib/cube_f051/Drivers/STM32F0xx_HAL_Driver/Src/stm32f0xx_hal_gpio.o
                0x00000000080024cc                HAL_GPIO_TogglePin
 *fill*         0x0000000008002502        0x2 
 .text.HAL_RCC_OscConfig
                0x0000000008002504      0x634 ./src/lib/cube_f051/Drivers/STM32F0xx_HAL_Driver/Src/stm32f0xx_hal_rcc.o
                0x0000000008002504                HAL_RCC_OscConfig
 .text.HAL_RCC_ClockConfig
                0x0000000008002b38      0x19c ./src/lib/cube_f051/Drivers/STM32F0xx_HAL_Driver/Src/stm32f0xx_hal_rcc.o
                0x0000000008002b38                HAL_RCC_ClockConfig
 .text.HAL_RCC_GetSysClockFreq
                0x0000000008002cd4       0xac ./src/lib/cube_f051/Drivers/STM32F0xx_HAL_Driver/Src/stm32f0xx_hal_rcc.o
                0x0000000008002cd4                HAL_RCC_GetSysClockFreq
 .text.HAL_RCC_GetHCLKFreq
                0x0000000008002d80       0x14 ./src/lib/cube_f051/Drivers/STM32F0xx_HAL_Driver/Src/stm32f0xx_hal_rcc.o
                0x0000000008002d80                HAL_RCC_GetHCLKFreq
 .text.HAL_RCC_GetPCLK1Freq
                0x0000000008002d94       0x2c ./src/lib/cube_f051/Drivers/STM32F0xx_HAL_Driver/Src/stm32f0xx_hal_rcc.o
                0x0000000008002d94                HAL_RCC_GetPCLK1Freq
 .text.HAL_RCCEx_PeriphCLKConfig
                0x0000000008002dc0      0x1bc ./src/lib/cube_f051/Drivers/STM32F0xx_HAL_Driver/Src/stm32f0xx_hal_rcc_ex.o
                0x0000000008002dc0                HAL_RCCEx_PeriphCLKConfig
 .text.HAL_UART_Init
                0x0000000008002f7c       0xa8 ./src/lib/cube_f051/Drivers/STM32F0xx_HAL_Driver/Src/stm32f0xx_hal_uart.o
                0x0000000008002f7c                HAL_UART_Init
 .text.HAL_UART_DeInit
                0x0000000008003024       0x7c ./src/lib/cube_f051/Drivers/STM32F0xx_HAL_Driver/Src/stm32f0xx_hal_uart.o
                0x0000000008003024                HAL_UART_DeInit
 .text.HAL_UART_Transmit
                0x00000000080030a0      0x140 ./src/lib/cube_f051/Drivers/STM32F0xx_HAL_Driver/Src/stm32f0xx_hal_uart.o
                0x00000000080030a0                HAL_UART_Transmit
 .text.HAL_UART_IRQHandler
                0x00000000080031e0      0x5c0 ./src/lib/cube_f051/Drivers/STM32F0xx_HAL_Driver/Src/stm32f0xx_hal_uart.o
                0x00000000080031e0                HAL_UART_IRQHandler
 .text.HAL_UART_TxCpltCallback
                0x00000000080037a0       0x10 ./src/lib/cube_f051/Drivers/STM32F0xx_HAL_Driver/Src/stm32f0xx_hal_uart.o
                0x00000000080037a0                HAL_UART_TxCpltCallback
 .text.HAL_UART_RxHalfCpltCallback
                0x00000000080037b0       0x10 ./src/lib/cube_f051/Drivers/STM32F0xx_HAL_Driver/Src/stm32f0xx_hal_uart.o
                0x00000000080037b0                HAL_UART_RxHalfCpltCallback
 .text.UART_SetConfig
                0x00000000080037c0      0x280 ./src/lib/cube_f051/Drivers/STM32F0xx_HAL_Driver/Src/stm32f0xx_hal_uart.o
                0x00000000080037c0                UART_SetConfig
 .text.UART_AdvFeatureConfig
                0x0000000008003a40      0x168 ./src/lib/cube_f051/Drivers/STM32F0xx_HAL_Driver/Src/stm32f0xx_hal_uart.o
                0x0000000008003a40                UART_AdvFeatureConfig
 .text.UART_CheckIdleState
                0x0000000008003ba8      0x150 ./src/lib/cube_f051/Drivers/STM32F0xx_HAL_Driver/Src/stm32f0xx_hal_uart.o
                0x0000000008003ba8                UART_CheckIdleState
 .text.UART_WaitOnFlagUntilTimeout
                0x0000000008003cf8       0xd2 ./src/lib/cube_f051/Drivers/STM32F0xx_HAL_Driver/Src/stm32f0xx_hal_uart.o
                0x0000000008003cf8                UART_WaitOnFlagUntilTimeout
 *fill*         0x0000000008003dca        0x2 
 .text.UART_Start_Receive_DMA
                0x0000000008003dcc      0x140 ./src/lib/cube_f051/Drivers/STM32F0xx_HAL_Driver/Src/stm32f0xx_hal_uart.o
                0x0000000008003dcc                UART_Start_Receive_DMA
 .text.UART_EndTxTransfer
                0x0000000008003f0c       0x48 ./src/lib/cube_f051/Drivers/STM32F0xx_HAL_Driver/Src/stm32f0xx_hal_uart.o
 .text.UART_EndRxTransfer
                0x0000000008003f54       0xc8 ./src/lib/cube_f051/Drivers/STM32F0xx_HAL_Driver/Src/stm32f0xx_hal_uart.o
 .text.UART_DMAReceiveCplt
                0x000000000800401c      0x12c ./src/lib/cube_f051/Drivers/STM32F0xx_HAL_Driver/Src/stm32f0xx_hal_uart.o
 .text.UART_DMARxHalfCplt
                0x0000000008004148       0x42 ./src/lib/cube_f051/Drivers/STM32F0xx_HAL_Driver/Src/stm32f0xx_hal_uart.o
 .text.UART_DMAError
                0x000000000800418a       0x84 ./src/lib/cube_f051/Drivers/STM32F0xx_HAL_Driver/Src/stm32f0xx_hal_uart.o
 .text.UART_DMAAbortOnError
                0x000000000800420e       0x2e ./src/lib/cube_f051/Drivers/STM32F0xx_HAL_Driver/Src/stm32f0xx_hal_uart.o
 .text.UART_EndTransmit_IT
                0x000000000800423c       0x56 ./src/lib/cube_f051/Drivers/STM32F0xx_HAL_Driver/Src/stm32f0xx_hal_uart.o
 .text.HAL_UARTEx_WakeupCallback
                0x0000000008004292       0x10 ./src/lib/cube_f051/Drivers/STM32F0xx_HAL_Driver/Src/stm32f0xx_hal_uart_ex.o
                0x0000000008004292                HAL_UARTEx_WakeupCallback
 .text.HAL_UARTEx_ReceiveToIdle_DMA
                0x00000000080042a2       0xd0 ./src/lib/cube_f051/Drivers/STM32F0xx_HAL_Driver/Src/stm32f0xx_hal_uart_ex.o
                0x00000000080042a2                HAL_UARTEx_ReceiveToIdle_DMA
 .text.main     0x0000000008004372       0x18 ./src/main.o
                0x0000000008004372                main
 *fill*         0x000000000800438a        0x2 
 .text.__errno  0x000000000800438c        0xc c:/st/stm32cubeide_1.12.1/stm32cubeide/plugins/com.st.stm32cube.ide.mcu.externaltools.gnu-tools-for-stm32.10.3-2021.10.win32_1.0.200.202301161003/tools/bin/../lib/gcc/arm-none-eabi/10.3.1/../../../../arm-none-eabi/lib/thumb/v6-m/nofp\libc_nano.a(lib_a-errno.o)
                0x000000000800438c                __errno
 .text.__libc_init_array
                0x0000000008004398       0x48 c:/st/stm32cubeide_1.12.1/stm32cubeide/plugins/com.st.stm32cube.ide.mcu.externaltools.gnu-tools-for-stm32.10.3-2021.10.win32_1.0.200.202301161003/tools/bin/../lib/gcc/arm-none-eabi/10.3.1/../../../../arm-none-eabi/lib/thumb/v6-m/nofp\libc_nano.a(lib_a-init.o)
                0x0000000008004398                __libc_init_array
 .text.memset   0x00000000080043e0       0x10 c:/st/stm32cubeide_1.12.1/stm32cubeide/plugins/com.st.stm32cube.ide.mcu.externaltools.gnu-tools-for-stm32.10.3-2021.10.win32_1.0.200.202301161003/tools/bin/../lib/gcc/arm-none-eabi/10.3.1/../../../../arm-none-eabi/lib/thumb/v6-m/nofp\libc_nano.a(lib_a-memset.o)
                0x00000000080043e0                memset
 .text._puts_r  0x00000000080043f0       0xe4 c:/st/stm32cubeide_1.12.1/stm32cubeide/plugins/com.st.stm32cube.ide.mcu.externaltools.gnu-tools-for-stm32.10.3-2021.10.win32_1.0.200.202301161003/tools/bin/../lib/gcc/arm-none-eabi/10.3.1/../../../../arm-none-eabi/lib/thumb/v6-m/nofp\libc_nano.a(lib_a-puts.o)
                0x00000000080043f0                _puts_r
 .text.puts     0x00000000080044d4       0x14 c:/st/stm32cubeide_1.12.1/stm32cubeide/plugins/com.st.stm32cube.ide.mcu.externaltools.gnu-tools-for-stm32.10.3-2021.10.win32_1.0.200.202301161003/tools/bin/../lib/gcc/arm-none-eabi/10.3.1/../../../../arm-none-eabi/lib/thumb/v6-m/nofp\libc_nano.a(lib_a-puts.o)
                0x00000000080044d4                puts
 .text._vsnprintf_r
                0x00000000080044e8       0x56 c:/st/stm32cubeide_1.12.1/stm32cubeide/plugins/com.st.stm32cube.ide.mcu.externaltools.gnu-tools-for-stm32.10.3-2021.10.win32_1.0.200.202301161003/tools/bin/../lib/gcc/arm-none-eabi/10.3.1/../../../../arm-none-eabi/lib/thumb/v6-m/nofp\libc_nano.a(lib_a-vsnprintf.o)
                0x00000000080044e8                _vsniprintf_r
                0x00000000080044e8                _vsnprintf_r
 *fill*         0x000000000800453e        0x2 
 .text.vsnprintf
                0x0000000008004540       0x18 c:/st/stm32cubeide_1.12.1/stm32cubeide/plugins/com.st.stm32cube.ide.mcu.externaltools.gnu-tools-for-stm32.10.3-2021.10.win32_1.0.200.202301161003/tools/bin/../lib/gcc/arm-none-eabi/10.3.1/../../../../arm-none-eabi/lib/thumb/v6-m/nofp\libc_nano.a(lib_a-vsnprintf.o)
                0x0000000008004540                vsniprintf
                0x0000000008004540                vsnprintf
 .text.__swbuf_r
                0x0000000008004558       0xac c:/st/stm32cubeide_1.12.1/stm32cubeide/plugins/com.st.stm32cube.ide.mcu.externaltools.gnu-tools-for-stm32.10.3-2021.10.win32_1.0.200.202301161003/tools/bin/../lib/gcc/arm-none-eabi/10.3.1/../../../../arm-none-eabi/lib/thumb/v6-m/nofp\libc_nano.a(lib_a-wbuf.o)
                0x0000000008004558                __swbuf_r
 .text.__swsetup_r
                0x0000000008004604       0xf0 c:/st/stm32cubeide_1.12.1/stm32cubeide/plugins/com.st.stm32cube.ide.mcu.externaltools.gnu-tools-for-stm32.10.3-2021.10.win32_1.0.200.202301161003/tools/bin/../lib/gcc/arm-none-eabi/10.3.1/../../../../arm-none-eabi/lib/thumb/v6-m/nofp\libc_nano.a(lib_a-wsetup.o)
                0x0000000008004604                __swsetup_r
 .text.__sflush_r
                0x00000000080046f4      0x118 c:/st/stm32cubeide_1.12.1/stm32cubeide/plugins/com.st.stm32cube.ide.mcu.externaltools.gnu-tools-for-stm32.10.3-2021.10.win32_1.0.200.202301161003/tools/bin/../lib/gcc/arm-none-eabi/10.3.1/../../../../arm-none-eabi/lib/thumb/v6-m/nofp\libc_nano.a(lib_a-fflush.o)
                0x00000000080046f4                __sflush_r
 .text._fflush_r
                0x000000000800480c       0x80 c:/st/stm32cubeide_1.12.1/stm32cubeide/plugins/com.st.stm32cube.ide.mcu.externaltools.gnu-tools-for-stm32.10.3-2021.10.win32_1.0.200.202301161003/tools/bin/../lib/gcc/arm-none-eabi/10.3.1/../../../../arm-none-eabi/lib/thumb/v6-m/nofp\libc_nano.a(lib_a-fflush.o)
                0x000000000800480c                _fflush_r
 .text.std      0x000000000800488c       0x48 c:/st/stm32cubeide_1.12.1/stm32cubeide/plugins/com.st.stm32cube.ide.mcu.externaltools.gnu-tools-for-stm32.10.3-2021.10.win32_1.0.200.202301161003/tools/bin/../lib/gcc/arm-none-eabi/10.3.1/../../../../arm-none-eabi/lib/thumb/v6-m/nofp\libc_nano.a(lib_a-findfp.o)
 .text._cleanup_r
                0x00000000080048d4       0x10 c:/st/stm32cubeide_1.12.1/stm32cubeide/plugins/com.st.stm32cube.ide.mcu.externaltools.gnu-tools-for-stm32.10.3-2021.10.win32_1.0.200.202301161003/tools/bin/../lib/gcc/arm-none-eabi/10.3.1/../../../../arm-none-eabi/lib/thumb/v6-m/nofp\libc_nano.a(lib_a-findfp.o)
                0x00000000080048d4                _cleanup_r
 .text.__sfmoreglue
                0x00000000080048e4       0x2c c:/st/stm32cubeide_1.12.1/stm32cubeide/plugins/com.st.stm32cube.ide.mcu.externaltools.gnu-tools-for-stm32.10.3-2021.10.win32_1.0.200.202301161003/tools/bin/../lib/gcc/arm-none-eabi/10.3.1/../../../../arm-none-eabi/lib/thumb/v6-m/nofp\libc_nano.a(lib_a-findfp.o)
                0x00000000080048e4                __sfmoreglue
 .text.__sfp_lock_acquire
                0x0000000008004910       0x10 c:/st/stm32cubeide_1.12.1/stm32cubeide/plugins/com.st.stm32cube.ide.mcu.externaltools.gnu-tools-for-stm32.10.3-2021.10.win32_1.0.200.202301161003/tools/bin/../lib/gcc/arm-none-eabi/10.3.1/../../../../arm-none-eabi/lib/thumb/v6-m/nofp\libc_nano.a(lib_a-findfp.o)
                0x0000000008004910                __sfp_lock_acquire
 .text.__sfp_lock_release
                0x0000000008004920       0x10 c:/st/stm32cubeide_1.12.1/stm32cubeide/plugins/com.st.stm32cube.ide.mcu.externaltools.gnu-tools-for-stm32.10.3-2021.10.win32_1.0.200.202301161003/tools/bin/../lib/gcc/arm-none-eabi/10.3.1/../../../../arm-none-eabi/lib/thumb/v6-m/nofp\libc_nano.a(lib_a-findfp.o)
                0x0000000008004920                __sfp_lock_release
 .text.__sinit_lock_acquire
                0x0000000008004930       0x10 c:/st/stm32cubeide_1.12.1/stm32cubeide/plugins/com.st.stm32cube.ide.mcu.externaltools.gnu-tools-for-stm32.10.3-2021.10.win32_1.0.200.202301161003/tools/bin/../lib/gcc/arm-none-eabi/10.3.1/../../../../arm-none-eabi/lib/thumb/v6-m/nofp\libc_nano.a(lib_a-findfp.o)
                0x0000000008004930                __sinit_lock_acquire
 .text.__sinit_lock_release
                0x0000000008004940       0x10 c:/st/stm32cubeide_1.12.1/stm32cubeide/plugins/com.st.stm32cube.ide.mcu.externaltools.gnu-tools-for-stm32.10.3-2021.10.win32_1.0.200.202301161003/tools/bin/../lib/gcc/arm-none-eabi/10.3.1/../../../../arm-none-eabi/lib/thumb/v6-m/nofp\libc_nano.a(lib_a-findfp.o)
                0x0000000008004940                __sinit_lock_release
 .text.__sinit  0x0000000008004950       0x70 c:/st/stm32cubeide_1.12.1/stm32cubeide/plugins/com.st.stm32cube.ide.mcu.externaltools.gnu-tools-for-stm32.10.3-2021.10.win32_1.0.200.202301161003/tools/bin/../lib/gcc/arm-none-eabi/10.3.1/../../../../arm-none-eabi/lib/thumb/v6-m/nofp\libc_nano.a(lib_a-findfp.o)
                0x0000000008004950                __sinit
 .text.__sfp    0x00000000080049c0       0x90 c:/st/stm32cubeide_1.12.1/stm32cubeide/plugins/com.st.stm32cube.ide.mcu.externaltools.gnu-tools-for-stm32.10.3-2021.10.win32_1.0.200.202301161003/tools/bin/../lib/gcc/arm-none-eabi/10.3.1/../../../../arm-none-eabi/lib/thumb/v6-m/nofp\libc_nano.a(lib_a-findfp.o)
                0x00000000080049c0                __sfp
 .text._fwalk_reent
                0x0000000008004a50       0x40 c:/st/stm32cubeide_1.12.1/stm32cubeide/plugins/com.st.stm32cube.ide.mcu.externaltools.gnu-tools-for-stm32.10.3-2021.10.win32_1.0.200.202301161003/tools/bin/../lib/gcc/arm-none-eabi/10.3.1/../../../../arm-none-eabi/lib/thumb/v6-m/nofp\libc_nano.a(lib_a-fwalk.o)
                0x0000000008004a50                _fwalk_reent
 .text.__retarget_lock_init_recursive
                0x0000000008004a90        0x2 c:/st/stm32cubeide_1.12.1/stm32cubeide/plugins/com.st.stm32cube.ide.mcu.externaltools.gnu-tools-for-stm32.10.3-2021.10.win32_1.0.200.202301161003/tools/bin/../lib/gcc/arm-none-eabi/10.3.1/../../../../arm-none-eabi/lib/thumb/v6-m/nofp\libc_nano.a(lib_a-lock.o)
                0x0000000008004a90                __retarget_lock_init_recursive
 .text.__retarget_lock_acquire_recursive
                0x0000000008004a92        0x2 c:/st/stm32cubeide_1.12.1/stm32cubeide/plugins/com.st.stm32cube.ide.mcu.externaltools.gnu-tools-for-stm32.10.3-2021.10.win32_1.0.200.202301161003/tools/bin/../lib/gcc/arm-none-eabi/10.3.1/../../../../arm-none-eabi/lib/thumb/v6-m/nofp\libc_nano.a(lib_a-lock.o)
                0x0000000008004a92                __retarget_lock_acquire_recursive
 .text.__retarget_lock_release_recursive
                0x0000000008004a94        0x2 c:/st/stm32cubeide_1.12.1/stm32cubeide/plugins/com.st.stm32cube.ide.mcu.externaltools.gnu-tools-for-stm32.10.3-2021.10.win32_1.0.200.202301161003/tools/bin/../lib/gcc/arm-none-eabi/10.3.1/../../../../arm-none-eabi/lib/thumb/v6-m/nofp\libc_nano.a(lib_a-lock.o)
                0x0000000008004a94                __retarget_lock_release_recursive
 *fill*         0x0000000008004a96        0x2 
 .text.__swhatbuf_r
                0x0000000008004a98       0x50 c:/st/stm32cubeide_1.12.1/stm32cubeide/plugins/com.st.stm32cube.ide.mcu.externaltools.gnu-tools-for-stm32.10.3-2021.10.win32_1.0.200.202301161003/tools/bin/../lib/gcc/arm-none-eabi/10.3.1/../../../../arm-none-eabi/lib/thumb/v6-m/nofp\libc_nano.a(lib_a-makebuf.o)
                0x0000000008004a98                __swhatbuf_r
 .text.__smakebuf_r
                0x0000000008004ae8       0x88 c:/st/stm32cubeide_1.12.1/stm32cubeide/plugins/com.st.stm32cube.ide.mcu.externaltools.gnu-tools-for-stm32.10.3-2021.10.win32_1.0.200.202301161003/tools/bin/../lib/gcc/arm-none-eabi/10.3.1/../../../../arm-none-eabi/lib/thumb/v6-m/nofp\libc_nano.a(lib_a-makebuf.o)
                0x0000000008004ae8                __smakebuf_r
 .text._free_r  0x0000000008004b70       0x94 c:/st/stm32cubeide_1.12.1/stm32cubeide/plugins/com.st.stm32cube.ide.mcu.externaltools.gnu-tools-for-stm32.10.3-2021.10.win32_1.0.200.202301161003/tools/bin/../lib/gcc/arm-none-eabi/10.3.1/../../../../arm-none-eabi/lib/thumb/v6-m/nofp\libc_nano.a(lib_a-nano-freer.o)
                0x0000000008004b70                _free_r
 .text.sbrk_aligned
                0x0000000008004c04       0x44 c:/st/stm32cubeide_1.12.1/stm32cubeide/plugins/com.st.stm32cube.ide.mcu.externaltools.gnu-tools-for-stm32.10.3-2021.10.win32_1.0.200.202301161003/tools/bin/../lib/gcc/arm-none-eabi/10.3.1/../../../../arm-none-eabi/lib/thumb/v6-m/nofp\libc_nano.a(lib_a-nano-mallocr.o)
 .text._malloc_r
                0x0000000008004c48       0xec c:/st/stm32cubeide_1.12.1/stm32cubeide/plugins/com.st.stm32cube.ide.mcu.externaltools.gnu-tools-for-stm32.10.3-2021.10.win32_1.0.200.202301161003/tools/bin/../lib/gcc/arm-none-eabi/10.3.1/../../../../arm-none-eabi/lib/thumb/v6-m/nofp\libc_nano.a(lib_a-nano-mallocr.o)
                0x0000000008004c48                _malloc_r
 .text.__ssputs_r
                0x0000000008004d34       0xc4 c:/st/stm32cubeide_1.12.1/stm32cubeide/plugins/com.st.stm32cube.ide.mcu.externaltools.gnu-tools-for-stm32.10.3-2021.10.win32_1.0.200.202301161003/tools/bin/../lib/gcc/arm-none-eabi/10.3.1/../../../../arm-none-eabi/lib/thumb/v6-m/nofp\libc_nano.a(lib_a-nano-svfprintf.o)
                0x0000000008004d34                __ssputs_r
 .text._svfprintf_r
                0x0000000008004df8      0x200 c:/st/stm32cubeide_1.12.1/stm32cubeide/plugins/com.st.stm32cube.ide.mcu.externaltools.gnu-tools-for-stm32.10.3-2021.10.win32_1.0.200.202301161003/tools/bin/../lib/gcc/arm-none-eabi/10.3.1/../../../../arm-none-eabi/lib/thumb/v6-m/nofp\libc_nano.a(lib_a-nano-svfprintf.o)
                0x0000000008004df8                _svfiprintf_r
                0x0000000008004df8                _svfprintf_r
 .text._printf_common
                0x0000000008004ff8       0xde c:/st/stm32cubeide_1.12.1/stm32cubeide/plugins/com.st.stm32cube.ide.mcu.externaltools.gnu-tools-for-stm32.10.3-2021.10.win32_1.0.200.202301161003/tools/bin/../lib/gcc/arm-none-eabi/10.3.1/../../../../arm-none-eabi/lib/thumb/v6-m/nofp\libc_nano.a(lib_a-nano-vfprintf_i.o)
                0x0000000008004ff8                _printf_common
 *fill*         0x00000000080050d6        0x2 
 .text._printf_i
                0x00000000080050d8      0x224 c:/st/stm32cubeide_1.12.1/stm32cubeide/plugins/com.st.stm32cube.ide.mcu.externaltools.gnu-tools-for-stm32.10.3-2021.10.win32_1.0.200.202301161003/tools/bin/../lib/gcc/arm-none-eabi/10.3.1/../../../../arm-none-eabi/lib/thumb/v6-m/nofp\libc_nano.a(lib_a-nano-vfprintf_i.o)
                0x00000000080050d8                _printf_i
 .text._sbrk_r  0x00000000080052fc       0x24 c:/st/stm32cubeide_1.12.1/stm32cubeide/plugins/com.st.stm32cube.ide.mcu.externaltools.gnu-tools-for-stm32.10.3-2021.10.win32_1.0.200.202301161003/tools/bin/../lib/gcc/arm-none-eabi/10.3.1/../../../../arm-none-eabi/lib/thumb/v6-m/nofp\libc_nano.a(lib_a-sbrkr.o)
                0x00000000080052fc                _sbrk_r
 .text.__sread  0x0000000008005320       0x28 c:/st/stm32cubeide_1.12.1/stm32cubeide/plugins/com.st.stm32cube.ide.mcu.externaltools.gnu-tools-for-stm32.10.3-2021.10.win32_1.0.200.202301161003/tools/bin/../lib/gcc/arm-none-eabi/10.3.1/../../../../arm-none-eabi/lib/thumb/v6-m/nofp\libc_nano.a(lib_a-stdio.o)
                0x0000000008005320                __sread
 .text.__swrite
                0x0000000008005348       0x38 c:/st/stm32cubeide_1.12.1/stm32cubeide/plugins/com.st.stm32cube.ide.mcu.externaltools.gnu-tools-for-stm32.10.3-2021.10.win32_1.0.200.202301161003/tools/bin/../lib/gcc/arm-none-eabi/10.3.1/../../../../arm-none-eabi/lib/thumb/v6-m/nofp\libc_nano.a(lib_a-stdio.o)
                0x0000000008005348                __swrite
 .text.__sseek  0x0000000008005380       0x2c c:/st/stm32cubeide_1.12.1/stm32cubeide/plugins/com.st.stm32cube.ide.mcu.externaltools.gnu-tools-for-stm32.10.3-2021.10.win32_1.0.200.202301161003/tools/bin/../lib/gcc/arm-none-eabi/10.3.1/../../../../arm-none-eabi/lib/thumb/v6-m/nofp\libc_nano.a(lib_a-stdio.o)
                0x0000000008005380                __sseek
 .text.__sclose
                0x00000000080053ac        0xc c:/st/stm32cubeide_1.12.1/stm32cubeide/plugins/com.st.stm32cube.ide.mcu.externaltools.gnu-tools-for-stm32.10.3-2021.10.win32_1.0.200.202301161003/tools/bin/../lib/gcc/arm-none-eabi/10.3.1/../../../../arm-none-eabi/lib/thumb/v6-m/nofp\libc_nano.a(lib_a-stdio.o)
                0x00000000080053ac                __sclose
 .text._write_r
                0x00000000080053b8       0x28 c:/st/stm32cubeide_1.12.1/stm32cubeide/plugins/com.st.stm32cube.ide.mcu.externaltools.gnu-tools-for-stm32.10.3-2021.10.win32_1.0.200.202301161003/tools/bin/../lib/gcc/arm-none-eabi/10.3.1/../../../../arm-none-eabi/lib/thumb/v6-m/nofp\libc_nano.a(lib_a-writer.o)
                0x00000000080053b8                _write_r
 .text._close_r
                0x00000000080053e0       0x24 c:/st/stm32cubeide_1.12.1/stm32cubeide/plugins/com.st.stm32cube.ide.mcu.externaltools.gnu-tools-for-stm32.10.3-2021.10.win32_1.0.200.202301161003/tools/bin/../lib/gcc/arm-none-eabi/10.3.1/../../../../arm-none-eabi/lib/thumb/v6-m/nofp\libc_nano.a(lib_a-closer.o)
                0x00000000080053e0                _close_r
 .text._fstat_r
                0x0000000008005404       0x24 c:/st/stm32cubeide_1.12.1/stm32cubeide/plugins/com.st.stm32cube.ide.mcu.externaltools.gnu-tools-for-stm32.10.3-2021.10.win32_1.0.200.202301161003/tools/bin/../lib/gcc/arm-none-eabi/10.3.1/../../../../arm-none-eabi/lib/thumb/v6-m/nofp\libc_nano.a(lib_a-fstatr.o)
                0x0000000008005404                _fstat_r
 .text._isatty_r
                0x0000000008005428       0x24 c:/st/stm32cubeide_1.12.1/stm32cubeide/plugins/com.st.stm32cube.ide.mcu.externaltools.gnu-tools-for-stm32.10.3-2021.10.win32_1.0.200.202301161003/tools/bin/../lib/gcc/arm-none-eabi/10.3.1/../../../../arm-none-eabi/lib/thumb/v6-m/nofp\libc_nano.a(lib_a-isattyr.o)
                0x0000000008005428                _isatty_r
 .text._lseek_r
                0x000000000800544c       0x28 c:/st/stm32cubeide_1.12.1/stm32cubeide/plugins/com.st.stm32cube.ide.mcu.externaltools.gnu-tools-for-stm32.10.3-2021.10.win32_1.0.200.202301161003/tools/bin/../lib/gcc/arm-none-eabi/10.3.1/../../../../arm-none-eabi/lib/thumb/v6-m/nofp\libc_nano.a(lib_a-lseekr.o)
                0x000000000800544c                _lseek_r
 .text.memchr   0x0000000008005474       0x16 c:/st/stm32cubeide_1.12.1/stm32cubeide/plugins/com.st.stm32cube.ide.mcu.externaltools.gnu-tools-for-stm32.10.3-2021.10.win32_1.0.200.202301161003/tools/bin/../lib/gcc/arm-none-eabi/10.3.1/../../../../arm-none-eabi/lib/thumb/v6-m/nofp\libc_nano.a(lib_a-memchr-stub.o)
                0x0000000008005474                memchr
 .text.memcpy   0x000000000800548a       0x12 c:/st/stm32cubeide_1.12.1/stm32cubeide/plugins/com.st.stm32cube.ide.mcu.externaltools.gnu-tools-for-stm32.10.3-2021.10.win32_1.0.200.202301161003/tools/bin/../lib/gcc/arm-none-eabi/10.3.1/../../../../arm-none-eabi/lib/thumb/v6-m/nofp\libc_nano.a(lib_a-memcpy-stub.o)
                0x000000000800548a                memcpy
 .text.memmove  0x000000000800549c       0x26 c:/st/stm32cubeide_1.12.1/stm32cubeide/plugins/com.st.stm32cube.ide.mcu.externaltools.gnu-tools-for-stm32.10.3-2021.10.win32_1.0.200.202301161003/tools/bin/../lib/gcc/arm-none-eabi/10.3.1/../../../../arm-none-eabi/lib/thumb/v6-m/nofp\libc_nano.a(lib_a-memmove.o)
                0x000000000800549c                memmove
 *fill*         0x00000000080054c2        0x2 
 .text.__malloc_lock
                0x00000000080054c4       0x10 c:/st/stm32cubeide_1.12.1/stm32cubeide/plugins/com.st.stm32cube.ide.mcu.externaltools.gnu-tools-for-stm32.10.3-2021.10.win32_1.0.200.202301161003/tools/bin/../lib/gcc/arm-none-eabi/10.3.1/../../../../arm-none-eabi/lib/thumb/v6-m/nofp\libc_nano.a(lib_a-mlock.o)
                0x00000000080054c4                __malloc_lock
 .text.__malloc_unlock
                0x00000000080054d4       0x10 c:/st/stm32cubeide_1.12.1/stm32cubeide/plugins/com.st.stm32cube.ide.mcu.externaltools.gnu-tools-for-stm32.10.3-2021.10.win32_1.0.200.202301161003/tools/bin/../lib/gcc/arm-none-eabi/10.3.1/../../../../arm-none-eabi/lib/thumb/v6-m/nofp\libc_nano.a(lib_a-mlock.o)
                0x00000000080054d4                __malloc_unlock
 .text._realloc_r
                0x00000000080054e4       0x5e c:/st/stm32cubeide_1.12.1/stm32cubeide/plugins/com.st.stm32cube.ide.mcu.externaltools.gnu-tools-for-stm32.10.3-2021.10.win32_1.0.200.202301161003/tools/bin/../lib/gcc/arm-none-eabi/10.3.1/../../../../arm-none-eabi/lib/thumb/v6-m/nofp\libc_nano.a(lib_a-nano-reallocr.o)
                0x00000000080054e4                _realloc_r
 *fill*         0x0000000008005542        0x2 
 .text._read_r  0x0000000008005544       0x28 c:/st/stm32cubeide_1.12.1/stm32cubeide/plugins/com.st.stm32cube.ide.mcu.externaltools.gnu-tools-for-stm32.10.3-2021.10.win32_1.0.200.202301161003/tools/bin/../lib/gcc/arm-none-eabi/10.3.1/../../../../arm-none-eabi/lib/thumb/v6-m/nofp\libc_nano.a(lib_a-readr.o)
                0x0000000008005544                _read_r
 .text._malloc_usable_size_r
                0x000000000800556c       0x10 c:/st/stm32cubeide_1.12.1/stm32cubeide/plugins/com.st.stm32cube.ide.mcu.externaltools.gnu-tools-for-stm32.10.3-2021.10.win32_1.0.200.202301161003/tools/bin/../lib/gcc/arm-none-eabi/10.3.1/../../../../arm-none-eabi/lib/thumb/v6-m/nofp\libc_nano.a(lib_a-nano-msizer.o)
                0x000000000800556c                _malloc_usable_size_r
 *(.glue_7)
 .glue_7        0x000000000800557c        0x0 linker stubs
 *(.glue_7t)
 .glue_7t       0x000000000800557c        0x0 linker stubs
 *(.eh_frame)
 .eh_frame      0x000000000800557c        0x0 c:/st/stm32cubeide_1.12.1/stm32cubeide/plugins/com.st.stm32cube.ide.mcu.externaltools.gnu-tools-for-stm32.10.3-2021.10.win32_1.0.200.202301161003/tools/bin/../lib/gcc/arm-none-eabi/10.3.1/thumb/v6-m/nofp/crtbegin.o
 *(.init)
 .init          0x000000000800557c        0x4 c:/st/stm32cubeide_1.12.1/stm32cubeide/plugins/com.st.stm32cube.ide.mcu.externaltools.gnu-tools-for-stm32.10.3-2021.10.win32_1.0.200.202301161003/tools/bin/../lib/gcc/arm-none-eabi/10.3.1/thumb/v6-m/nofp/crti.o
                0x000000000800557c                _init
 .init          0x0000000008005580        0x8 c:/st/stm32cubeide_1.12.1/stm32cubeide/plugins/com.st.stm32cube.ide.mcu.externaltools.gnu-tools-for-stm32.10.3-2021.10.win32_1.0.200.202301161003/tools/bin/../lib/gcc/arm-none-eabi/10.3.1/thumb/v6-m/nofp/crtn.o
 *(.fini)
 .fini          0x0000000008005588        0x4 c:/st/stm32cubeide_1.12.1/stm32cubeide/plugins/com.st.stm32cube.ide.mcu.externaltools.gnu-tools-for-stm32.10.3-2021.10.win32_1.0.200.202301161003/tools/bin/../lib/gcc/arm-none-eabi/10.3.1/thumb/v6-m/nofp/crti.o
                0x0000000008005588                _fini
 .fini          0x000000000800558c        0x8 c:/st/stm32cubeide_1.12.1/stm32cubeide/plugins/com.st.stm32cube.ide.mcu.externaltools.gnu-tools-for-stm32.10.3-2021.10.win32_1.0.200.202301161003/tools/bin/../lib/gcc/arm-none-eabi/10.3.1/thumb/v6-m/nofp/crtn.o
                0x0000000008005594                . = ALIGN (0x4)
                0x0000000008005594                _etext = .

.vfp11_veneer   0x0000000008005594        0x0
 .vfp11_veneer  0x0000000008005594        0x0 linker stubs

.v4_bx          0x0000000008005594        0x0
 .v4_bx         0x0000000008005594        0x0 linker stubs

.iplt           0x0000000008005594        0x0
 .iplt          0x0000000008005594        0x0 c:/st/stm32cubeide_1.12.1/stm32cubeide/plugins/com.st.stm32cube.ide.mcu.externaltools.gnu-tools-for-stm32.10.3-2021.10.win32_1.0.200.202301161003/tools/bin/../lib/gcc/arm-none-eabi/10.3.1/thumb/v6-m/nofp/crtbegin.o

.rodata         0x0000000008005594      0x3a4
                0x0000000008005594                . = ALIGN (0x4)
 *(.rodata)
 .rodata        0x0000000008005594       0xd4 ./src/ap/ap.o
 *(.rodata*)
 .rodata.AHBPrescTable
                0x0000000008005668       0x10 ./src/bsp/system_stm32f0xx.o
                0x0000000008005668                AHBPrescTable
 .rodata.APBPrescTable
                0x0000000008005678        0x8 ./src/bsp/system_stm32f0xx.o
                0x0000000008005678                APBPrescTable
 .rodata.table_crc_hi
                0x0000000008005680      0x100 ./src/hw/driver/modbusSlave/modbus_crc.o
 .rodata.table_crc_lo
                0x0000000008005780      0x100 ./src/hw/driver/modbusSlave/modbus_crc.o
 .rodata.aPLLMULFactorTable.1
                0x0000000008005880       0x10 ./src/lib/cube_f051/Drivers/STM32F0xx_HAL_Driver/Src/stm32f0xx_hal_rcc.o
 .rodata.aPredivFactorTable.0
                0x0000000008005890       0x10 ./src/lib/cube_f051/Drivers/STM32F0xx_HAL_Driver/Src/stm32f0xx_hal_rcc.o
 .rodata._global_impure_ptr
                0x00000000080058a0        0x4 c:/st/stm32cubeide_1.12.1/stm32cubeide/plugins/com.st.stm32cube.ide.mcu.externaltools.gnu-tools-for-stm32.10.3-2021.10.win32_1.0.200.202301161003/tools/bin/../lib/gcc/arm-none-eabi/10.3.1/../../../../arm-none-eabi/lib/thumb/v6-m/nofp\libc_nano.a(lib_a-impure.o)
                0x00000000080058a0                _global_impure_ptr
 .rodata.__sf_fake_stderr
                0x00000000080058a4       0x20 c:/st/stm32cubeide_1.12.1/stm32cubeide/plugins/com.st.stm32cube.ide.mcu.externaltools.gnu-tools-for-stm32.10.3-2021.10.win32_1.0.200.202301161003/tools/bin/../lib/gcc/arm-none-eabi/10.3.1/../../../../arm-none-eabi/lib/thumb/v6-m/nofp\libc_nano.a(lib_a-findfp.o)
                0x00000000080058a4                __sf_fake_stderr
 .rodata.__sf_fake_stdin
                0x00000000080058c4       0x20 c:/st/stm32cubeide_1.12.1/stm32cubeide/plugins/com.st.stm32cube.ide.mcu.externaltools.gnu-tools-for-stm32.10.3-2021.10.win32_1.0.200.202301161003/tools/bin/../lib/gcc/arm-none-eabi/10.3.1/../../../../arm-none-eabi/lib/thumb/v6-m/nofp\libc_nano.a(lib_a-findfp.o)
                0x00000000080058c4                __sf_fake_stdin
 .rodata.__sf_fake_stdout
                0x00000000080058e4       0x20 c:/st/stm32cubeide_1.12.1/stm32cubeide/plugins/com.st.stm32cube.ide.mcu.externaltools.gnu-tools-for-stm32.10.3-2021.10.win32_1.0.200.202301161003/tools/bin/../lib/gcc/arm-none-eabi/10.3.1/../../../../arm-none-eabi/lib/thumb/v6-m/nofp\libc_nano.a(lib_a-findfp.o)
                0x00000000080058e4                __sf_fake_stdout
 .rodata._svfprintf_r.str1.1
                0x0000000008005904       0x11 c:/st/stm32cubeide_1.12.1/stm32cubeide/plugins/com.st.stm32cube.ide.mcu.externaltools.gnu-tools-for-stm32.10.3-2021.10.win32_1.0.200.202301161003/tools/bin/../lib/gcc/arm-none-eabi/10.3.1/../../../../arm-none-eabi/lib/thumb/v6-m/nofp\libc_nano.a(lib_a-nano-svfprintf.o)
 .rodata._printf_i.str1.1
                0x0000000008005915       0x22 c:/st/stm32cubeide_1.12.1/stm32cubeide/plugins/com.st.stm32cube.ide.mcu.externaltools.gnu-tools-for-stm32.10.3-2021.10.win32_1.0.200.202301161003/tools/bin/../lib/gcc/arm-none-eabi/10.3.1/../../../../arm-none-eabi/lib/thumb/v6-m/nofp\libc_nano.a(lib_a-nano-vfprintf_i.o)
                0x0000000008005938                . = ALIGN (0x4)
 *fill*         0x0000000008005937        0x1 

.rel.dyn        0x0000000008005938        0x0
 .rel.iplt      0x0000000008005938        0x0 c:/st/stm32cubeide_1.12.1/stm32cubeide/plugins/com.st.stm32cube.ide.mcu.externaltools.gnu-tools-for-stm32.10.3-2021.10.win32_1.0.200.202301161003/tools/bin/../lib/gcc/arm-none-eabi/10.3.1/thumb/v6-m/nofp/crtbegin.o

.ARM.extab      0x0000000008005938        0x0
                0x0000000008005938                . = ALIGN (0x4)
 *(.ARM.extab* .gnu.linkonce.armextab.*)
                0x0000000008005938                . = ALIGN (0x4)

.ARM            0x0000000008005938        0x0
                0x0000000008005938                . = ALIGN (0x4)
                0x0000000008005938                __exidx_start = .
 *(.ARM.exidx*)
                0x0000000008005938                __exidx_end = .
                0x0000000008005938                . = ALIGN (0x4)

.preinit_array  0x0000000008005938        0x0
                0x0000000008005938                . = ALIGN (0x4)
                0x0000000008005938                PROVIDE (__preinit_array_start = .)
 *(.preinit_array*)
                0x0000000008005938                PROVIDE (__preinit_array_end = .)
                0x0000000008005938                . = ALIGN (0x4)

.init_array     0x0000000008005938        0x4
                0x0000000008005938                . = ALIGN (0x4)
                0x0000000008005938                PROVIDE (__init_array_start = .)
 *(SORT_BY_NAME(.init_array.*))
 *(.init_array*)
 .init_array    0x0000000008005938        0x4 c:/st/stm32cubeide_1.12.1/stm32cubeide/plugins/com.st.stm32cube.ide.mcu.externaltools.gnu-tools-for-stm32.10.3-2021.10.win32_1.0.200.202301161003/tools/bin/../lib/gcc/arm-none-eabi/10.3.1/thumb/v6-m/nofp/crtbegin.o
                0x000000000800593c                PROVIDE (__init_array_end = .)
                0x000000000800593c                . = ALIGN (0x4)

.fini_array     0x000000000800593c        0x4
                0x000000000800593c                . = ALIGN (0x4)
                [!provide]                        PROVIDE (__fini_array_start = .)
 *(SORT_BY_NAME(.fini_array.*))
 *(.fini_array*)
 .fini_array    0x000000000800593c        0x4 c:/st/stm32cubeide_1.12.1/stm32cubeide/plugins/com.st.stm32cube.ide.mcu.externaltools.gnu-tools-for-stm32.10.3-2021.10.win32_1.0.200.202301161003/tools/bin/../lib/gcc/arm-none-eabi/10.3.1/thumb/v6-m/nofp/crtbegin.o
                [!provide]                        PROVIDE (__fini_array_end = .)
                0x0000000008005940                . = ALIGN (0x4)
                0x0000000008005940                _sidata = LOADADDR (.data)

.data           0x0000000020000000      0x118 load address 0x0000000008005940
                0x0000000020000000                . = ALIGN (0x4)
                0x0000000020000000                _sdata = .
 *(.data)
 *(.data*)
 .data.slave_id
                0x0000000020000000        0x1 ./src/ap/ap.o
                0x0000000020000000                slave_id
 *fill*         0x0000000020000001        0x3 
 .data.Holding_Registers_Database
                0x0000000020000004       0x64 ./src/ap/ap.o
 .data.SystemCoreClock
                0x0000000020000068        0x4 ./src/bsp/system_stm32f0xx.o
                0x0000000020000068                SystemCoreClock
 .data.led_tbl  0x000000002000006c       0x18 ./src/hw/driver/led.o
                0x000000002000006c                led_tbl
 .data.uart_tbl
                0x0000000020000084       0x28 ./src/hw/driver/uart.o
                0x0000000020000084                uart_tbl
 .data.uwTickPrio
                0x00000000200000ac        0x4 ./src/lib/cube_f051/Drivers/STM32F0xx_HAL_Driver/Src/stm32f0xx_hal.o
                0x00000000200000ac                uwTickPrio
 .data.uwTickFreq
                0x00000000200000b0        0x1 ./src/lib/cube_f051/Drivers/STM32F0xx_HAL_Driver/Src/stm32f0xx_hal.o
                0x00000000200000b0                uwTickFreq
 *fill*         0x00000000200000b1        0x3 
 .data._impure_ptr
                0x00000000200000b4        0x4 c:/st/stm32cubeide_1.12.1/stm32cubeide/plugins/com.st.stm32cube.ide.mcu.externaltools.gnu-tools-for-stm32.10.3-2021.10.win32_1.0.200.202301161003/tools/bin/../lib/gcc/arm-none-eabi/10.3.1/../../../../arm-none-eabi/lib/thumb/v6-m/nofp\libc_nano.a(lib_a-impure.o)
                0x00000000200000b4                _impure_ptr
 .data.impure_data
                0x00000000200000b8       0x60 c:/st/stm32cubeide_1.12.1/stm32cubeide/plugins/com.st.stm32cube.ide.mcu.externaltools.gnu-tools-for-stm32.10.3-2021.10.win32_1.0.200.202301161003/tools/bin/../lib/gcc/arm-none-eabi/10.3.1/../../../../arm-none-eabi/lib/thumb/v6-m/nofp\libc_nano.a(lib_a-impure.o)
 *(.RamFunc)
 *(.RamFunc*)
                0x0000000020000118                . = ALIGN (0x4)
                0x0000000020000118                _edata = .

.igot.plt       0x0000000020000118        0x0 load address 0x0000000008005a58
 .igot.plt      0x0000000020000118        0x0 c:/st/stm32cubeide_1.12.1/stm32cubeide/plugins/com.st.stm32cube.ide.mcu.externaltools.gnu-tools-for-stm32.10.3-2021.10.win32_1.0.200.202301161003/tools/bin/../lib/gcc/arm-none-eabi/10.3.1/thumb/v6-m/nofp/crtbegin.o
                0x0000000020000118                . = ALIGN (0x4)

.bss            0x0000000020000118      0x860 load address 0x0000000008005a58
                0x0000000020000118                _sbss = .
                0x0000000020000118                __bss_start__ = _sbss
 *(.bss)
 .bss           0x0000000020000118       0x1c c:/st/stm32cubeide_1.12.1/stm32cubeide/plugins/com.st.stm32cube.ide.mcu.externaltools.gnu-tools-for-stm32.10.3-2021.10.win32_1.0.200.202301161003/tools/bin/../lib/gcc/arm-none-eabi/10.3.1/thumb/v6-m/nofp/crtbegin.o
 *(.bss*)
 .bss.ap_State  0x0000000020000134        0x1 ./src/ap/ap.o
                0x0000000020000134                ap_State
 *fill*         0x0000000020000135        0x3 
 .bss.ap_time   0x0000000020000138        0x4 ./src/ap/ap.o
                0x0000000020000138                ap_time
 .bss.Input_Registers_Database
                0x000000002000013c       0x64 ./src/ap/ap.o
 .bss.__sbrk_heap_end
                0x00000000200001a0        0x4 ./src/bsp/sysmem.o
 .bss.flash_tbl
                0x00000000200001a4      0x200 ./src/hw/driver/flash.o
 .bss.is_open   0x00000000200003a4        0x2 ./src/hw/driver/uart.o
 *fill*         0x00000000200003a6        0x2 
 .bss.qbuffer   0x00000000200003a8       0x20 ./src/hw/driver/uart.o
 .bss.rx_buf    0x00000000200003c8      0x100 ./src/hw/driver/uart.o
 .bss.available_flag
                0x00000000200004c8        0x1 ./src/hw/driver/uart.o
                0x00000000200004c8                available_flag
 *fill*         0x00000000200004c9        0x3 
 .bss.huart1    0x00000000200004cc       0x88 ./src/hw/driver/uart.o
                0x00000000200004cc                huart1
 .bss.huart2    0x0000000020000554       0x88 ./src/hw/driver/uart.o
                0x0000000020000554                huart2
 .bss.hdma_usart1_rx
                0x00000000200005dc       0x44 ./src/hw/driver/uart.o
                0x00000000200005dc                hdma_usart1_rx
 .bss.hdma_usart2_rx
                0x0000000020000620       0x44 ./src/hw/driver/uart.o
                0x0000000020000620                hdma_usart2_rx
 .bss.RxData    0x0000000020000664      0x100 ./src/hw/driver/modbusSlave/modbusSlave.o
                0x0000000020000664                RxData
 .bss.TxData    0x0000000020000764      0x100 ./src/hw/driver/modbusSlave/modbusSlave.o
                0x0000000020000764                TxData
 .bss.buffData  0x0000000020000864      0x100 ./src/hw/driver/modbusSlave/modbusSlave.o
                0x0000000020000864                buffData
 .bss.uwTick    0x0000000020000964        0x4 ./src/lib/cube_f051/Drivers/STM32F0xx_HAL_Driver/Src/stm32f0xx_hal.o
                0x0000000020000964                uwTick
 .bss.__lock___malloc_recursive_mutex
                0x0000000020000968        0x1 c:/st/stm32cubeide_1.12.1/stm32cubeide/plugins/com.st.stm32cube.ide.mcu.externaltools.gnu-tools-for-stm32.10.3-2021.10.win32_1.0.200.202301161003/tools/bin/../lib/gcc/arm-none-eabi/10.3.1/../../../../arm-none-eabi/lib/thumb/v6-m/nofp\libc_nano.a(lib_a-lock.o)
                0x0000000020000968                __lock___malloc_recursive_mutex
 .bss.__lock___sfp_recursive_mutex
                0x0000000020000969        0x1 c:/st/stm32cubeide_1.12.1/stm32cubeide/plugins/com.st.stm32cube.ide.mcu.externaltools.gnu-tools-for-stm32.10.3-2021.10.win32_1.0.200.202301161003/tools/bin/../lib/gcc/arm-none-eabi/10.3.1/../../../../arm-none-eabi/lib/thumb/v6-m/nofp\libc_nano.a(lib_a-lock.o)
                0x0000000020000969                __lock___sfp_recursive_mutex
 .bss.__lock___sinit_recursive_mutex
                0x000000002000096a        0x1 c:/st/stm32cubeide_1.12.1/stm32cubeide/plugins/com.st.stm32cube.ide.mcu.externaltools.gnu-tools-for-stm32.10.3-2021.10.win32_1.0.200.202301161003/tools/bin/../lib/gcc/arm-none-eabi/10.3.1/../../../../arm-none-eabi/lib/thumb/v6-m/nofp\libc_nano.a(lib_a-lock.o)
                0x000000002000096a                __lock___sinit_recursive_mutex
 *fill*         0x000000002000096b        0x1 
 .bss.__malloc_free_list
                0x000000002000096c        0x4 c:/st/stm32cubeide_1.12.1/stm32cubeide/plugins/com.st.stm32cube.ide.mcu.externaltools.gnu-tools-for-stm32.10.3-2021.10.win32_1.0.200.202301161003/tools/bin/../lib/gcc/arm-none-eabi/10.3.1/../../../../arm-none-eabi/lib/thumb/v6-m/nofp\libc_nano.a(lib_a-nano-mallocr.o)
                0x000000002000096c                __malloc_free_list
 .bss.__malloc_sbrk_start
                0x0000000020000970        0x4 c:/st/stm32cubeide_1.12.1/stm32cubeide/plugins/com.st.stm32cube.ide.mcu.externaltools.gnu-tools-for-stm32.10.3-2021.10.win32_1.0.200.202301161003/tools/bin/../lib/gcc/arm-none-eabi/10.3.1/../../../../arm-none-eabi/lib/thumb/v6-m/nofp\libc_nano.a(lib_a-nano-mallocr.o)
                0x0000000020000970                __malloc_sbrk_start
 .bss.errno     0x0000000020000974        0x4 c:/st/stm32cubeide_1.12.1/stm32cubeide/plugins/com.st.stm32cube.ide.mcu.externaltools.gnu-tools-for-stm32.10.3-2021.10.win32_1.0.200.202301161003/tools/bin/../lib/gcc/arm-none-eabi/10.3.1/../../../../arm-none-eabi/lib/thumb/v6-m/nofp\libc_nano.a(lib_a-reent.o)
                0x0000000020000974                errno
 *(COMMON)
                0x0000000020000978                . = ALIGN (0x4)
                0x0000000020000978                _ebss = .
                0x0000000020000978                __bss_end__ = _ebss

._user_heap_stack
                0x0000000020000978      0x600 load address 0x0000000008005a58
                0x0000000020000978                . = ALIGN (0x8)
                [!provide]                        PROVIDE (end = .)
                0x0000000020000978                PROVIDE (_end = .)
                0x0000000020000b78                . = (. + _Min_Heap_Size)
 *fill*         0x0000000020000978      0x200 
                0x0000000020000f78                . = (. + _Min_Stack_Size)
 *fill*         0x0000000020000b78      0x400 
                0x0000000020000f78                . = ALIGN (0x8)

/DISCARD/
 libc.a(*)
 libm.a(*)
 libgcc.a(*)

.ARM.attributes
                0x0000000000000000       0x28
 *(.ARM.attributes)
 .ARM.attributes
                0x0000000000000000       0x1e c:/st/stm32cubeide_1.12.1/stm32cubeide/plugins/com.st.stm32cube.ide.mcu.externaltools.gnu-tools-for-stm32.10.3-2021.10.win32_1.0.200.202301161003/tools/bin/../lib/gcc/arm-none-eabi/10.3.1/thumb/v6-m/nofp/crti.o
 .ARM.attributes
                0x000000000000001e       0x2c c:/st/stm32cubeide_1.12.1/stm32cubeide/plugins/com.st.stm32cube.ide.mcu.externaltools.gnu-tools-for-stm32.10.3-2021.10.win32_1.0.200.202301161003/tools/bin/../lib/gcc/arm-none-eabi/10.3.1/thumb/v6-m/nofp/crtbegin.o
 .ARM.attributes
                0x000000000000004a       0x2c ./src/ap/ap.o
 .ARM.attributes
                0x0000000000000076       0x2c ./src/bsp/bsp.o
 .ARM.attributes
                0x00000000000000a2       0x2c ./src/bsp/stm32f0xx_hal_msp.o
 .ARM.attributes
                0x00000000000000ce       0x2c ./src/bsp/stm32f0xx_it.o
 .ARM.attributes
                0x00000000000000fa       0x2c ./src/bsp/syscalls.o
 .ARM.attributes
                0x0000000000000126       0x2c ./src/bsp/sysmem.o
 .ARM.attributes
                0x0000000000000152       0x2c ./src/bsp/system_stm32f0xx.o
 .ARM.attributes
                0x000000000000017e       0x21 ./src/bsp/startup/startup_stm32f051k6ux.o
 .ARM.attributes
                0x000000000000019f       0x2c ./src/common/core/qbuffer.o
 .ARM.attributes
                0x00000000000001cb       0x2c ./src/hw/driver/button.o
 .ARM.attributes
                0x00000000000001f7       0x2c ./src/hw/driver/flash.o
 .ARM.attributes
                0x0000000000000223       0x2c ./src/hw/driver/led.o
 .ARM.attributes
                0x000000000000024f       0x2c ./src/hw/driver/uart.o
 .ARM.attributes
                0x000000000000027b       0x2c ./src/hw/driver/modbusSlave/modbusSlave.o
 .ARM.attributes
                0x00000000000002a7       0x2c ./src/hw/driver/modbusSlave/modbus_crc.o
 .ARM.attributes
                0x00000000000002d3       0x2c ./src/hw/hw.o
 .ARM.attributes
                0x00000000000002ff       0x2c ./src/lib/cube_f051/Drivers/STM32F0xx_HAL_Driver/Src/stm32f0xx_hal.o
 .ARM.attributes
                0x000000000000032b       0x2c ./src/lib/cube_f051/Drivers/STM32F0xx_HAL_Driver/Src/stm32f0xx_hal_cortex.o
 .ARM.attributes
                0x0000000000000357       0x2c ./src/lib/cube_f051/Drivers/STM32F0xx_HAL_Driver/Src/stm32f0xx_hal_dma.o
 .ARM.attributes
                0x0000000000000383       0x2c ./src/lib/cube_f051/Drivers/STM32F0xx_HAL_Driver/Src/stm32f0xx_hal_gpio.o
 .ARM.attributes
                0x00000000000003af       0x2c ./src/lib/cube_f051/Drivers/STM32F0xx_HAL_Driver/Src/stm32f0xx_hal_rcc.o
 .ARM.attributes
                0x00000000000003db       0x2c ./src/lib/cube_f051/Drivers/STM32F0xx_HAL_Driver/Src/stm32f0xx_hal_rcc_ex.o
 .ARM.attributes
                0x0000000000000407       0x2c ./src/lib/cube_f051/Drivers/STM32F0xx_HAL_Driver/Src/stm32f0xx_hal_uart.o
 .ARM.attributes
                0x0000000000000433       0x2c ./src/lib/cube_f051/Drivers/STM32F0xx_HAL_Driver/Src/stm32f0xx_hal_uart_ex.o
 .ARM.attributes
                0x000000000000045f       0x2c ./src/main.o
 .ARM.attributes
                0x000000000000048b       0x2c c:/st/stm32cubeide_1.12.1/stm32cubeide/plugins/com.st.stm32cube.ide.mcu.externaltools.gnu-tools-for-stm32.10.3-2021.10.win32_1.0.200.202301161003/tools/bin/../lib/gcc/arm-none-eabi/10.3.1/../../../../arm-none-eabi/lib/thumb/v6-m/nofp\libc_nano.a(lib_a-errno.o)
 .ARM.attributes
                0x00000000000004b7       0x2c c:/st/stm32cubeide_1.12.1/stm32cubeide/plugins/com.st.stm32cube.ide.mcu.externaltools.gnu-tools-for-stm32.10.3-2021.10.win32_1.0.200.202301161003/tools/bin/../lib/gcc/arm-none-eabi/10.3.1/../../../../arm-none-eabi/lib/thumb/v6-m/nofp\libc_nano.a(lib_a-impure.o)
 .ARM.attributes
                0x00000000000004e3       0x2c c:/st/stm32cubeide_1.12.1/stm32cubeide/plugins/com.st.stm32cube.ide.mcu.externaltools.gnu-tools-for-stm32.10.3-2021.10.win32_1.0.200.202301161003/tools/bin/../lib/gcc/arm-none-eabi/10.3.1/../../../../arm-none-eabi/lib/thumb/v6-m/nofp\libc_nano.a(lib_a-init.o)
 .ARM.attributes
                0x000000000000050f       0x2c c:/st/stm32cubeide_1.12.1/stm32cubeide/plugins/com.st.stm32cube.ide.mcu.externaltools.gnu-tools-for-stm32.10.3-2021.10.win32_1.0.200.202301161003/tools/bin/../lib/gcc/arm-none-eabi/10.3.1/../../../../arm-none-eabi/lib/thumb/v6-m/nofp\libc_nano.a(lib_a-memset.o)
 .ARM.attributes
                0x000000000000053b       0x2c c:/st/stm32cubeide_1.12.1/stm32cubeide/plugins/com.st.stm32cube.ide.mcu.externaltools.gnu-tools-for-stm32.10.3-2021.10.win32_1.0.200.202301161003/tools/bin/../lib/gcc/arm-none-eabi/10.3.1/../../../../arm-none-eabi/lib/thumb/v6-m/nofp\libc_nano.a(lib_a-puts.o)
 .ARM.attributes
                0x0000000000000567       0x2c c:/st/stm32cubeide_1.12.1/stm32cubeide/plugins/com.st.stm32cube.ide.mcu.externaltools.gnu-tools-for-stm32.10.3-2021.10.win32_1.0.200.202301161003/tools/bin/../lib/gcc/arm-none-eabi/10.3.1/../../../../arm-none-eabi/lib/thumb/v6-m/nofp\libc_nano.a(lib_a-vsnprintf.o)
 .ARM.attributes
                0x0000000000000593       0x2c c:/st/stm32cubeide_1.12.1/stm32cubeide/plugins/com.st.stm32cube.ide.mcu.externaltools.gnu-tools-for-stm32.10.3-2021.10.win32_1.0.200.202301161003/tools/bin/../lib/gcc/arm-none-eabi/10.3.1/../../../../arm-none-eabi/lib/thumb/v6-m/nofp\libc_nano.a(lib_a-wbuf.o)
 .ARM.attributes
                0x00000000000005bf       0x2c c:/st/stm32cubeide_1.12.1/stm32cubeide/plugins/com.st.stm32cube.ide.mcu.externaltools.gnu-tools-for-stm32.10.3-2021.10.win32_1.0.200.202301161003/tools/bin/../lib/gcc/arm-none-eabi/10.3.1/../../../../arm-none-eabi/lib/thumb/v6-m/nofp\libc_nano.a(lib_a-wsetup.o)
 .ARM.attributes
                0x00000000000005eb       0x2c c:/st/stm32cubeide_1.12.1/stm32cubeide/plugins/com.st.stm32cube.ide.mcu.externaltools.gnu-tools-for-stm32.10.3-2021.10.win32_1.0.200.202301161003/tools/bin/../lib/gcc/arm-none-eabi/10.3.1/../../../../arm-none-eabi/lib/thumb/v6-m/nofp\libc_nano.a(lib_a-fflush.o)
 .ARM.attributes
                0x0000000000000617       0x2c c:/st/stm32cubeide_1.12.1/stm32cubeide/plugins/com.st.stm32cube.ide.mcu.externaltools.gnu-tools-for-stm32.10.3-2021.10.win32_1.0.200.202301161003/tools/bin/../lib/gcc/arm-none-eabi/10.3.1/../../../../arm-none-eabi/lib/thumb/v6-m/nofp\libc_nano.a(lib_a-findfp.o)
 .ARM.attributes
                0x0000000000000643       0x2c c:/st/stm32cubeide_1.12.1/stm32cubeide/plugins/com.st.stm32cube.ide.mcu.externaltools.gnu-tools-for-stm32.10.3-2021.10.win32_1.0.200.202301161003/tools/bin/../lib/gcc/arm-none-eabi/10.3.1/../../../../arm-none-eabi/lib/thumb/v6-m/nofp\libc_nano.a(lib_a-fwalk.o)
 .ARM.attributes
                0x000000000000066f       0x2c c:/st/stm32cubeide_1.12.1/stm32cubeide/plugins/com.st.stm32cube.ide.mcu.externaltools.gnu-tools-for-stm32.10.3-2021.10.win32_1.0.200.202301161003/tools/bin/../lib/gcc/arm-none-eabi/10.3.1/../../../../arm-none-eabi/lib/thumb/v6-m/nofp\libc_nano.a(lib_a-lock.o)
 .ARM.attributes
                0x000000000000069b       0x2c c:/st/stm32cubeide_1.12.1/stm32cubeide/plugins/com.st.stm32cube.ide.mcu.externaltools.gnu-tools-for-stm32.10.3-2021.10.win32_1.0.200.202301161003/tools/bin/../lib/gcc/arm-none-eabi/10.3.1/../../../../arm-none-eabi/lib/thumb/v6-m/nofp\libc_nano.a(lib_a-makebuf.o)
 .ARM.attributes
                0x00000000000006c7       0x2c c:/st/stm32cubeide_1.12.1/stm32cubeide/plugins/com.st.stm32cube.ide.mcu.externaltools.gnu-tools-for-stm32.10.3-2021.10.win32_1.0.200.202301161003/tools/bin/../lib/gcc/arm-none-eabi/10.3.1/../../../../arm-none-eabi/lib/thumb/v6-m/nofp\libc_nano.a(lib_a-nano-freer.o)
 .ARM.attributes
                0x00000000000006f3       0x2c c:/st/stm32cubeide_1.12.1/stm32cubeide/plugins/com.st.stm32cube.ide.mcu.externaltools.gnu-tools-for-stm32.10.3-2021.10.win32_1.0.200.202301161003/tools/bin/../lib/gcc/arm-none-eabi/10.3.1/../../../../arm-none-eabi/lib/thumb/v6-m/nofp\libc_nano.a(lib_a-nano-mallocr.o)
 .ARM.attributes
                0x000000000000071f       0x2c c:/st/stm32cubeide_1.12.1/stm32cubeide/plugins/com.st.stm32cube.ide.mcu.externaltools.gnu-tools-for-stm32.10.3-2021.10.win32_1.0.200.202301161003/tools/bin/../lib/gcc/arm-none-eabi/10.3.1/../../../../arm-none-eabi/lib/thumb/v6-m/nofp\libc_nano.a(lib_a-nano-svfprintf.o)
 .ARM.attributes
                0x000000000000074b       0x2c c:/st/stm32cubeide_1.12.1/stm32cubeide/plugins/com.st.stm32cube.ide.mcu.externaltools.gnu-tools-for-stm32.10.3-2021.10.win32_1.0.200.202301161003/tools/bin/../lib/gcc/arm-none-eabi/10.3.1/../../../../arm-none-eabi/lib/thumb/v6-m/nofp\libc_nano.a(lib_a-nano-vfprintf_i.o)
 .ARM.attributes
                0x0000000000000777       0x2c c:/st/stm32cubeide_1.12.1/stm32cubeide/plugins/com.st.stm32cube.ide.mcu.externaltools.gnu-tools-for-stm32.10.3-2021.10.win32_1.0.200.202301161003/tools/bin/../lib/gcc/arm-none-eabi/10.3.1/../../../../arm-none-eabi/lib/thumb/v6-m/nofp\libc_nano.a(lib_a-sbrkr.o)
 .ARM.attributes
                0x00000000000007a3       0x2c c:/st/stm32cubeide_1.12.1/stm32cubeide/plugins/com.st.stm32cube.ide.mcu.externaltools.gnu-tools-for-stm32.10.3-2021.10.win32_1.0.200.202301161003/tools/bin/../lib/gcc/arm-none-eabi/10.3.1/../../../../arm-none-eabi/lib/thumb/v6-m/nofp\libc_nano.a(lib_a-stdio.o)
 .ARM.attributes
                0x00000000000007cf       0x2c c:/st/stm32cubeide_1.12.1/stm32cubeide/plugins/com.st.stm32cube.ide.mcu.externaltools.gnu-tools-for-stm32.10.3-2021.10.win32_1.0.200.202301161003/tools/bin/../lib/gcc/arm-none-eabi/10.3.1/../../../../arm-none-eabi/lib/thumb/v6-m/nofp\libc_nano.a(lib_a-writer.o)
 .ARM.attributes
                0x00000000000007fb       0x2c c:/st/stm32cubeide_1.12.1/stm32cubeide/plugins/com.st.stm32cube.ide.mcu.externaltools.gnu-tools-for-stm32.10.3-2021.10.win32_1.0.200.202301161003/tools/bin/../lib/gcc/arm-none-eabi/10.3.1/../../../../arm-none-eabi/lib/thumb/v6-m/nofp\libc_nano.a(lib_a-closer.o)
 .ARM.attributes
                0x0000000000000827       0x2c c:/st/stm32cubeide_1.12.1/stm32cubeide/plugins/com.st.stm32cube.ide.mcu.externaltools.gnu-tools-for-stm32.10.3-2021.10.win32_1.0.200.202301161003/tools/bin/../lib/gcc/arm-none-eabi/10.3.1/../../../../arm-none-eabi/lib/thumb/v6-m/nofp\libc_nano.a(lib_a-fstatr.o)
 .ARM.attributes
                0x0000000000000853       0x2c c:/st/stm32cubeide_1.12.1/stm32cubeide/plugins/com.st.stm32cube.ide.mcu.externaltools.gnu-tools-for-stm32.10.3-2021.10.win32_1.0.200.202301161003/tools/bin/../lib/gcc/arm-none-eabi/10.3.1/../../../../arm-none-eabi/lib/thumb/v6-m/nofp\libc_nano.a(lib_a-isattyr.o)
 .ARM.attributes
                0x000000000000087f       0x2c c:/st/stm32cubeide_1.12.1/stm32cubeide/plugins/com.st.stm32cube.ide.mcu.externaltools.gnu-tools-for-stm32.10.3-2021.10.win32_1.0.200.202301161003/tools/bin/../lib/gcc/arm-none-eabi/10.3.1/../../../../arm-none-eabi/lib/thumb/v6-m/nofp\libc_nano.a(lib_a-lseekr.o)
 .ARM.attributes
                0x00000000000008ab       0x2c c:/st/stm32cubeide_1.12.1/stm32cubeide/plugins/com.st.stm32cube.ide.mcu.externaltools.gnu-tools-for-stm32.10.3-2021.10.win32_1.0.200.202301161003/tools/bin/../lib/gcc/arm-none-eabi/10.3.1/../../../../arm-none-eabi/lib/thumb/v6-m/nofp\libc_nano.a(lib_a-memchr-stub.o)
 .ARM.attributes
                0x00000000000008d7       0x2c c:/st/stm32cubeide_1.12.1/stm32cubeide/plugins/com.st.stm32cube.ide.mcu.externaltools.gnu-tools-for-stm32.10.3-2021.10.win32_1.0.200.202301161003/tools/bin/../lib/gcc/arm-none-eabi/10.3.1/../../../../arm-none-eabi/lib/thumb/v6-m/nofp\libc_nano.a(lib_a-memcpy-stub.o)
 .ARM.attributes
                0x0000000000000903       0x2c c:/st/stm32cubeide_1.12.1/stm32cubeide/plugins/com.st.stm32cube.ide.mcu.externaltools.gnu-tools-for-stm32.10.3-2021.10.win32_1.0.200.202301161003/tools/bin/../lib/gcc/arm-none-eabi/10.3.1/../../../../arm-none-eabi/lib/thumb/v6-m/nofp\libc_nano.a(lib_a-memmove.o)
 .ARM.attributes
                0x000000000000092f       0x2c c:/st/stm32cubeide_1.12.1/stm32cubeide/plugins/com.st.stm32cube.ide.mcu.externaltools.gnu-tools-for-stm32.10.3-2021.10.win32_1.0.200.202301161003/tools/bin/../lib/gcc/arm-none-eabi/10.3.1/../../../../arm-none-eabi/lib/thumb/v6-m/nofp\libc_nano.a(lib_a-mlock.o)
 .ARM.attributes
                0x000000000000095b       0x2c c:/st/stm32cubeide_1.12.1/stm32cubeide/plugins/com.st.stm32cube.ide.mcu.externaltools.gnu-tools-for-stm32.10.3-2021.10.win32_1.0.200.202301161003/tools/bin/../lib/gcc/arm-none-eabi/10.3.1/../../../../arm-none-eabi/lib/thumb/v6-m/nofp\libc_nano.a(lib_a-nano-reallocr.o)
 .ARM.attributes
                0x0000000000000987       0x2c c:/st/stm32cubeide_1.12.1/stm32cubeide/plugins/com.st.stm32cube.ide.mcu.externaltools.gnu-tools-for-stm32.10.3-2021.10.win32_1.0.200.202301161003/tools/bin/../lib/gcc/arm-none-eabi/10.3.1/../../../../arm-none-eabi/lib/thumb/v6-m/nofp\libc_nano.a(lib_a-readr.o)
 .ARM.attributes
                0x00000000000009b3       0x2c c:/st/stm32cubeide_1.12.1/stm32cubeide/plugins/com.st.stm32cube.ide.mcu.externaltools.gnu-tools-for-stm32.10.3-2021.10.win32_1.0.200.202301161003/tools/bin/../lib/gcc/arm-none-eabi/10.3.1/../../../../arm-none-eabi/lib/thumb/v6-m/nofp\libc_nano.a(lib_a-reent.o)
 .ARM.attributes
                0x00000000000009df       0x2c c:/st/stm32cubeide_1.12.1/stm32cubeide/plugins/com.st.stm32cube.ide.mcu.externaltools.gnu-tools-for-stm32.10.3-2021.10.win32_1.0.200.202301161003/tools/bin/../lib/gcc/arm-none-eabi/10.3.1/../../../../arm-none-eabi/lib/thumb/v6-m/nofp\libc_nano.a(lib_a-nano-msizer.o)
 .ARM.attributes
                0x0000000000000a0b       0x1e c:/st/stm32cubeide_1.12.1/stm32cubeide/plugins/com.st.stm32cube.ide.mcu.externaltools.gnu-tools-for-stm32.10.3-2021.10.win32_1.0.200.202301161003/tools/bin/../lib/gcc/arm-none-eabi/10.3.1/thumb/v6-m/nofp\libgcc.a(_thumb1_case_shi.o)
 .ARM.attributes
                0x0000000000000a29       0x1e c:/st/stm32cubeide_1.12.1/stm32cubeide/plugins/com.st.stm32cube.ide.mcu.externaltools.gnu-tools-for-stm32.10.3-2021.10.win32_1.0.200.202301161003/tools/bin/../lib/gcc/arm-none-eabi/10.3.1/thumb/v6-m/nofp\libgcc.a(_udivsi3.o)
 .ARM.attributes
                0x0000000000000a47       0x1e c:/st/stm32cubeide_1.12.1/stm32cubeide/plugins/com.st.stm32cube.ide.mcu.externaltools.gnu-tools-for-stm32.10.3-2021.10.win32_1.0.200.202301161003/tools/bin/../lib/gcc/arm-none-eabi/10.3.1/thumb/v6-m/nofp\libgcc.a(_dvmd_tls.o)
 .ARM.attributes
                0x0000000000000a65       0x1e c:/st/stm32cubeide_1.12.1/stm32cubeide/plugins/com.st.stm32cube.ide.mcu.externaltools.gnu-tools-for-stm32.10.3-2021.10.win32_1.0.200.202301161003/tools/bin/../lib/gcc/arm-none-eabi/10.3.1/thumb/v6-m/nofp/crtn.o
OUTPUT(stm32k6u7_fw_v1.100.elf elf32-littlearm)
LOAD linker stubs
LOAD c:/st/stm32cubeide_1.12.1/stm32cubeide/plugins/com.st.stm32cube.ide.mcu.externaltools.gnu-tools-for-stm32.10.3-2021.10.win32_1.0.200.202301161003/tools/bin/../lib/gcc/arm-none-eabi/10.3.1/../../../../arm-none-eabi/lib/thumb/v6-m/nofp\libc.a
LOAD c:/st/stm32cubeide_1.12.1/stm32cubeide/plugins/com.st.stm32cube.ide.mcu.externaltools.gnu-tools-for-stm32.10.3-2021.10.win32_1.0.200.202301161003/tools/bin/../lib/gcc/arm-none-eabi/10.3.1/../../../../arm-none-eabi/lib/thumb/v6-m/nofp\libm.a
LOAD c:/st/stm32cubeide_1.12.1/stm32cubeide/plugins/com.st.stm32cube.ide.mcu.externaltools.gnu-tools-for-stm32.10.3-2021.10.win32_1.0.200.202301161003/tools/bin/../lib/gcc/arm-none-eabi/10.3.1/thumb/v6-m/nofp\libgcc.a

.debug_info     0x0000000000000000     0xb636
 .debug_info    0x0000000000000000      0x4a1 ./src/ap/ap.o
 .debug_info    0x00000000000004a1      0x4b0 ./src/bsp/bsp.o
 .debug_info    0x0000000000000951      0x1bf ./src/bsp/stm32f0xx_hal_msp.o
 .debug_info    0x0000000000000b10      0x766 ./src/bsp/stm32f0xx_it.o
 .debug_info    0x0000000000001276      0x6e0 ./src/bsp/syscalls.o
 .debug_info    0x0000000000001956      0x171 ./src/bsp/sysmem.o
 .debug_info    0x0000000000001ac7      0x262 ./src/bsp/system_stm32f0xx.o
 .debug_info    0x0000000000001d29       0x22 ./src/bsp/startup/startup_stm32f051k6ux.o
 .debug_info    0x0000000000001d4b      0x2db ./src/common/core/qbuffer.o
 .debug_info    0x0000000000002026      0x3ae ./src/hw/driver/button.o
 .debug_info    0x00000000000023d4      0x4a6 ./src/hw/driver/flash.o
 .debug_info    0x000000000000287a      0x4a2 ./src/hw/driver/led.o
 .debug_info    0x0000000000002d1c     0x10d8 ./src/hw/driver/uart.o
 .debug_info    0x0000000000003df4      0x3a9 ./src/hw/driver/modbusSlave/modbusSlave.o
 .debug_info    0x000000000000419d      0x148 ./src/hw/driver/modbusSlave/modbus_crc.o
 .debug_info    0x00000000000042e5       0xdb ./src/hw/hw.o
 .debug_info    0x00000000000043c0      0x6de ./src/lib/cube_f051/Drivers/STM32F0xx_HAL_Driver/Src/stm32f0xx_hal.o
 .debug_info    0x0000000000004a9e      0x711 ./src/lib/cube_f051/Drivers/STM32F0xx_HAL_Driver/Src/stm32f0xx_hal_cortex.o
 .debug_info    0x00000000000051af      0x752 ./src/lib/cube_f051/Drivers/STM32F0xx_HAL_Driver/Src/stm32f0xx_hal_dma.o
 .debug_info    0x0000000000005901      0x620 ./src/lib/cube_f051/Drivers/STM32F0xx_HAL_Driver/Src/stm32f0xx_hal_gpio.o
 .debug_info    0x0000000000005f21      0x8a3 ./src/lib/cube_f051/Drivers/STM32F0xx_HAL_Driver/Src/stm32f0xx_hal_rcc.o
 .debug_info    0x00000000000067c4      0x389 ./src/lib/cube_f051/Drivers/STM32F0xx_HAL_Driver/Src/stm32f0xx_hal_rcc_ex.o
 .debug_info    0x0000000000006b4d     0x3d36 ./src/lib/cube_f051/Drivers/STM32F0xx_HAL_Driver/Src/stm32f0xx_hal_uart.o
 .debug_info    0x000000000000a883      0xd07 ./src/lib/cube_f051/Drivers/STM32F0xx_HAL_Driver/Src/stm32f0xx_hal_uart_ex.o
 .debug_info    0x000000000000b58a       0xac ./src/main.o

.debug_abbrev   0x0000000000000000     0x262b
 .debug_abbrev  0x0000000000000000      0x198 ./src/ap/ap.o
 .debug_abbrev  0x0000000000000198      0x1cd ./src/bsp/bsp.o
 .debug_abbrev  0x0000000000000365       0xc2 ./src/bsp/stm32f0xx_hal_msp.o
 .debug_abbrev  0x0000000000000427      0x177 ./src/bsp/stm32f0xx_it.o
 .debug_abbrev  0x000000000000059e      0x1b3 ./src/bsp/syscalls.o
 .debug_abbrev  0x0000000000000751       0xbb ./src/bsp/sysmem.o
 .debug_abbrev  0x000000000000080c      0x116 ./src/bsp/system_stm32f0xx.o
 .debug_abbrev  0x0000000000000922       0x12 ./src/bsp/startup/startup_stm32f051k6ux.o
 .debug_abbrev  0x0000000000000934      0x124 ./src/common/core/qbuffer.o
 .debug_abbrev  0x0000000000000a58      0x178 ./src/hw/driver/button.o
 .debug_abbrev  0x0000000000000bd0      0x176 ./src/hw/driver/flash.o
 .debug_abbrev  0x0000000000000d46      0x19b ./src/hw/driver/led.o
 .debug_abbrev  0x0000000000000ee1      0x2f0 ./src/hw/driver/uart.o
 .debug_abbrev  0x00000000000011d1      0x11a ./src/hw/driver/modbusSlave/modbusSlave.o
 .debug_abbrev  0x00000000000012eb       0xaf ./src/hw/driver/modbusSlave/modbus_crc.o
 .debug_abbrev  0x000000000000139a       0x6f ./src/hw/hw.o
 .debug_abbrev  0x0000000000001409      0x23f ./src/lib/cube_f051/Drivers/STM32F0xx_HAL_Driver/Src/stm32f0xx_hal.o
 .debug_abbrev  0x0000000000001648      0x283 ./src/lib/cube_f051/Drivers/STM32F0xx_HAL_Driver/Src/stm32f0xx_hal_cortex.o
 .debug_abbrev  0x00000000000018cb      0x1e9 ./src/lib/cube_f051/Drivers/STM32F0xx_HAL_Driver/Src/stm32f0xx_hal_dma.o
 .debug_abbrev  0x0000000000001ab4      0x1bb ./src/lib/cube_f051/Drivers/STM32F0xx_HAL_Driver/Src/stm32f0xx_hal_gpio.o
 .debug_abbrev  0x0000000000001c6f      0x283 ./src/lib/cube_f051/Drivers/STM32F0xx_HAL_Driver/Src/stm32f0xx_hal_rcc.o
 .debug_abbrev  0x0000000000001ef2      0x169 ./src/lib/cube_f051/Drivers/STM32F0xx_HAL_Driver/Src/stm32f0xx_hal_rcc_ex.o
 .debug_abbrev  0x000000000000205b      0x2cb ./src/lib/cube_f051/Drivers/STM32F0xx_HAL_Driver/Src/stm32f0xx_hal_uart.o
 .debug_abbrev  0x0000000000002326      0x2a9 ./src/lib/cube_f051/Drivers/STM32F0xx_HAL_Driver/Src/stm32f0xx_hal_uart_ex.o
 .debug_abbrev  0x00000000000025cf       0x5c ./src/main.o

.debug_aranges  0x0000000000000000      0x9f8
 .debug_aranges
                0x0000000000000000       0x58 ./src/ap/ap.o
 .debug_aranges
                0x0000000000000058       0x40 ./src/bsp/bsp.o
 .debug_aranges
                0x0000000000000098       0x20 ./src/bsp/stm32f0xx_hal_msp.o
 .debug_aranges
                0x00000000000000b8       0x60 ./src/bsp/stm32f0xx_it.o
 .debug_aranges
                0x0000000000000118       0xa8 ./src/bsp/syscalls.o
 .debug_aranges
                0x00000000000001c0       0x20 ./src/bsp/sysmem.o
 .debug_aranges
                0x00000000000001e0       0x28 ./src/bsp/system_stm32f0xx.o
 .debug_aranges
                0x0000000000000208       0x28 ./src/bsp/startup/startup_stm32f051k6ux.o
 .debug_aranges
                0x0000000000000230       0x48 ./src/common/core/qbuffer.o
 .debug_aranges
                0x0000000000000278       0x28 ./src/hw/driver/button.o
 .debug_aranges
                0x00000000000002a0       0x40 ./src/hw/driver/flash.o
 .debug_aranges
                0x00000000000002e0       0x38 ./src/hw/driver/led.o
 .debug_aranges
                0x0000000000000318       0x78 ./src/hw/driver/uart.o
 .debug_aranges
                0x0000000000000390       0x50 ./src/hw/driver/modbusSlave/modbusSlave.o
 .debug_aranges
                0x00000000000003e0       0x20 ./src/hw/driver/modbusSlave/modbus_crc.o
 .debug_aranges
                0x0000000000000400       0x20 ./src/hw/hw.o
 .debug_aranges
                0x0000000000000420       0xd0 ./src/lib/cube_f051/Drivers/STM32F0xx_HAL_Driver/Src/stm32f0xx_hal.o
 .debug_aranges
                0x00000000000004f0       0xc0 ./src/lib/cube_f051/Drivers/STM32F0xx_HAL_Driver/Src/stm32f0xx_hal_cortex.o
 .debug_aranges
                0x00000000000005b0       0x88 ./src/lib/cube_f051/Drivers/STM32F0xx_HAL_Driver/Src/stm32f0xx_hal_dma.o
 .debug_aranges
                0x0000000000000638       0x58 ./src/lib/cube_f051/Drivers/STM32F0xx_HAL_Driver/Src/stm32f0xx_hal_gpio.o
 .debug_aranges
                0x0000000000000690       0x80 ./src/lib/cube_f051/Drivers/STM32F0xx_HAL_Driver/Src/stm32f0xx_hal_rcc.o
 .debug_aranges
                0x0000000000000710       0x30 ./src/lib/cube_f051/Drivers/STM32F0xx_HAL_Driver/Src/stm32f0xx_hal_rcc_ex.o
 .debug_aranges
                0x0000000000000740      0x228 ./src/lib/cube_f051/Drivers/STM32F0xx_HAL_Driver/Src/stm32f0xx_hal_uart.o
 .debug_aranges
                0x0000000000000968       0x70 ./src/lib/cube_f051/Drivers/STM32F0xx_HAL_Driver/Src/stm32f0xx_hal_uart_ex.o
 .debug_aranges
                0x00000000000009d8       0x20 ./src/main.o

.debug_ranges   0x0000000000000000      0x8a0
 .debug_ranges  0x0000000000000000       0x48 ./src/ap/ap.o
 .debug_ranges  0x0000000000000048       0x30 ./src/bsp/bsp.o
 .debug_ranges  0x0000000000000078       0x10 ./src/bsp/stm32f0xx_hal_msp.o
 .debug_ranges  0x0000000000000088       0x50 ./src/bsp/stm32f0xx_it.o
 .debug_ranges  0x00000000000000d8       0x98 ./src/bsp/syscalls.o
 .debug_ranges  0x0000000000000170       0x10 ./src/bsp/sysmem.o
 .debug_ranges  0x0000000000000180       0x18 ./src/bsp/system_stm32f0xx.o
 .debug_ranges  0x0000000000000198       0x20 ./src/bsp/startup/startup_stm32f051k6ux.o
 .debug_ranges  0x00000000000001b8       0x38 ./src/common/core/qbuffer.o
 .debug_ranges  0x00000000000001f0       0x18 ./src/hw/driver/button.o
 .debug_ranges  0x0000000000000208       0x30 ./src/hw/driver/flash.o
 .debug_ranges  0x0000000000000238       0x28 ./src/hw/driver/led.o
 .debug_ranges  0x0000000000000260       0x68 ./src/hw/driver/uart.o
 .debug_ranges  0x00000000000002c8       0x40 ./src/hw/driver/modbusSlave/modbusSlave.o
 .debug_ranges  0x0000000000000308       0x10 ./src/hw/driver/modbusSlave/modbus_crc.o
 .debug_ranges  0x0000000000000318       0x10 ./src/hw/hw.o
 .debug_ranges  0x0000000000000328       0xc0 ./src/lib/cube_f051/Drivers/STM32F0xx_HAL_Driver/Src/stm32f0xx_hal.o
 .debug_ranges  0x00000000000003e8       0xb0 ./src/lib/cube_f051/Drivers/STM32F0xx_HAL_Driver/Src/stm32f0xx_hal_cortex.o
 .debug_ranges  0x0000000000000498       0x78 ./src/lib/cube_f051/Drivers/STM32F0xx_HAL_Driver/Src/stm32f0xx_hal_dma.o
 .debug_ranges  0x0000000000000510       0x48 ./src/lib/cube_f051/Drivers/STM32F0xx_HAL_Driver/Src/stm32f0xx_hal_gpio.o
 .debug_ranges  0x0000000000000558       0x70 ./src/lib/cube_f051/Drivers/STM32F0xx_HAL_Driver/Src/stm32f0xx_hal_rcc.o
 .debug_ranges  0x00000000000005c8       0x20 ./src/lib/cube_f051/Drivers/STM32F0xx_HAL_Driver/Src/stm32f0xx_hal_rcc_ex.o
 .debug_ranges  0x00000000000005e8      0x248 ./src/lib/cube_f051/Drivers/STM32F0xx_HAL_Driver/Src/stm32f0xx_hal_uart.o
 .debug_ranges  0x0000000000000830       0x60 ./src/lib/cube_f051/Drivers/STM32F0xx_HAL_Driver/Src/stm32f0xx_hal_uart_ex.o
 .debug_ranges  0x0000000000000890       0x10 ./src/main.o

.debug_macro    0x0000000000000000    0x15026
 .debug_macro   0x0000000000000000      0x407 ./src/ap/ap.o
 .debug_macro   0x0000000000000407      0xa42 ./src/ap/ap.o
 .debug_macro   0x0000000000000e49       0x22 ./src/ap/ap.o
 .debug_macro   0x0000000000000e6b       0x4c ./src/ap/ap.o
 .debug_macro   0x0000000000000eb7       0x18 ./src/ap/ap.o
 .debug_macro   0x0000000000000ecf       0x94 ./src/ap/ap.o
 .debug_macro   0x0000000000000f63       0x3c ./src/ap/ap.o
 .debug_macro   0x0000000000000f9f       0x34 ./src/ap/ap.o
 .debug_macro   0x0000000000000fd3       0x16 ./src/ap/ap.o
 .debug_macro   0x0000000000000fe9       0x57 ./src/ap/ap.o
 .debug_macro   0x0000000000001040       0x97 ./src/ap/ap.o
 .debug_macro   0x00000000000010d7      0x341 ./src/ap/ap.o
 .debug_macro   0x0000000000001418       0xfd ./src/ap/ap.o
 .debug_macro   0x0000000000001515       0x10 ./src/ap/ap.o
 .debug_macro   0x0000000000001525       0x16 ./src/ap/ap.o
 .debug_macro   0x000000000000153b       0x43 ./src/ap/ap.o
 .debug_macro   0x000000000000157e       0x34 ./src/ap/ap.o
 .debug_macro   0x00000000000015b2       0x10 ./src/ap/ap.o
 .debug_macro   0x00000000000015c2       0x58 ./src/ap/ap.o
 .debug_macro   0x000000000000161a       0x71 ./src/ap/ap.o
 .debug_macro   0x000000000000168b       0x1c ./src/ap/ap.o
 .debug_macro   0x00000000000016a7      0x12a ./src/ap/ap.o
 .debug_macro   0x00000000000017d1       0x10 ./src/ap/ap.o
 .debug_macro   0x00000000000017e1       0x6a ./src/ap/ap.o
 .debug_macro   0x000000000000184b       0x1c ./src/ap/ap.o
 .debug_macro   0x0000000000001867       0x52 ./src/ap/ap.o
 .debug_macro   0x00000000000018b9       0x22 ./src/ap/ap.o
 .debug_macro   0x00000000000018db       0x10 ./src/ap/ap.o
 .debug_macro   0x00000000000018eb       0x52 ./src/ap/ap.o
 .debug_macro   0x000000000000193d       0xd5 ./src/ap/ap.o
 .debug_macro   0x0000000000001a12       0x1c ./src/ap/ap.o
 .debug_macro   0x0000000000001a2e       0x3d ./src/ap/ap.o
 .debug_macro   0x0000000000001a6b       0x16 ./src/ap/ap.o
 .debug_macro   0x0000000000001a81      0x145 ./src/ap/ap.o
 .debug_macro   0x0000000000001bc6      0x103 ./src/ap/ap.o
 .debug_macro   0x0000000000001cc9      0x1df ./src/ap/ap.o
 .debug_macro   0x0000000000001ea8       0x22 ./src/ap/ap.o
 .debug_macro   0x0000000000001eca       0x4c ./src/ap/ap.o
 .debug_macro   0x0000000000001f16       0x16 ./src/ap/ap.o
 .debug_macro   0x0000000000001f2c       0x35 ./src/ap/ap.o
 .debug_macro   0x0000000000001f61       0x20 ./src/ap/ap.o
 .debug_macro   0x0000000000001f81       0x16 ./src/ap/ap.o
 .debug_macro   0x0000000000001f97       0x16 ./src/ap/ap.o
 .debug_macro   0x0000000000001fad       0x29 ./src/ap/ap.o
 .debug_macro   0x0000000000001fd6       0x2e ./src/ap/ap.o
 .debug_macro   0x0000000000002004      0x12d ./src/ap/ap.o
 .debug_macro   0x0000000000002131       0x2e ./src/ap/ap.o
 .debug_macro   0x000000000000215f       0x22 ./src/ap/ap.o
 .debug_macro   0x0000000000002181       0x1c ./src/ap/ap.o
 .debug_macro   0x000000000000219d       0x22 ./src/ap/ap.o
 .debug_macro   0x00000000000021bf       0xaf ./src/ap/ap.o
 .debug_macro   0x000000000000226e      0x391 ./src/ap/ap.o
 .debug_macro   0x00000000000025ff     0x8d00 ./src/ap/ap.o
 .debug_macro   0x000000000000b2ff       0x66 ./src/ap/ap.o
 .debug_macro   0x000000000000b365     0x34be ./src/ap/ap.o
 .debug_macro   0x000000000000e823       0x4f ./src/ap/ap.o
 .debug_macro   0x000000000000e872      0x924 ./src/ap/ap.o
 .debug_macro   0x000000000000f196      0x251 ./src/ap/ap.o
 .debug_macro   0x000000000000f3e7      0x1ae ./src/ap/ap.o
 .debug_macro   0x000000000000f595      0x114 ./src/ap/ap.o
 .debug_macro   0x000000000000f6a9      0x1a0 ./src/ap/ap.o
 .debug_macro   0x000000000000f849      0x1ed ./src/ap/ap.o
 .debug_macro   0x000000000000fa36       0x34 ./src/ap/ap.o
 .debug_macro   0x000000000000fa6a       0x43 ./src/ap/ap.o
 .debug_macro   0x000000000000faad       0x28 ./src/ap/ap.o
 .debug_macro   0x000000000000fad5       0xb0 ./src/ap/ap.o
 .debug_macro   0x000000000000fb85      0x199 ./src/ap/ap.o
 .debug_macro   0x000000000000fd1e      0x22c ./src/ap/ap.o
 .debug_macro   0x000000000000ff4a       0x61 ./src/ap/ap.o